Component: ARM Compiler 5.06 update 5 (build 528) Tool: armlink [4d35e2]

==============================================================================

Section Cross References

    system_stm32f10x.o(.text) refers to system_stm32f10x.o(.data) for .data
    minibalance.o(.text) refers to oled.o(.text) for OLED_Clear
    minibalance.o(.text) refers to motor.o(.text) for motor_set_mode
    minibalance.o(.text) refers to pid.o(.text) for PID_Reset
    minibalance.o(.text) refers to fflt_clz.o(x$fpl$fflt) for __aeabi_i2f
    minibalance.o(.text) refers to ffix.o(x$fpl$ffix) for __aeabi_f2iz
    minibalance.o(.text) refers to minibalance.o(.data) for .data
    minibalance.o(.text) refers to k230_proto.o(.bss) for k230_frame
    minibalance.o(.text) refers to k230_proto.o(.data) for k230_frame_count
    minibalance.o(.text) refers to minibalance.o(.bss) for .bss
    minibalance.o(.text) refers to motor.o(.data) for phys_pos2
    minibalance.o(.text) refers to sys.o(.text) for MY_NVIC_PriorityGroupConfig
    minibalance.o(.text) refers to delay.o(.text) for delay_init
    minibalance.o(.text) refers to usart.o(.text) for uart_init
    minibalance.o(.text) refers to key.o(.text) for KEY_Init
    minibalance.o(.text) refers to k230_proto.o(.text) for k230_proto_init
    pid.o(.text) refers to scalbnf.o(x$fpl$scalbnf) for __ARM_scalbnf
    pid.o(.text) refers to faddsub_clz.o(x$fpl$fsub) for __aeabi_fsub
    pid.o(.text) refers to faddsub_clz.o(x$fpl$fadd) for __aeabi_fadd
    pid.o(.text) refers to frleqf.o(x$fpl$frleqf) for __aeabi_cfrcmple
    pid.o(.text) refers to fmul.o(x$fpl$fmul) for __aeabi_fmul
    k230_proto.o(.text) refers to rt_memclr_w.o(.text) for __aeabi_memclr4
    k230_proto.o(.text) refers to k230_proto.o(.data) for .data
    k230_proto.o(.text) refers to k230_proto.o(.bss) for .bss
    motor.o(.text) refers to usart.o(.text) for BCC_Sum1
    motor.o(.text) refers to delay.o(.text) for delay_ms
    motor.o(.text) refers to motor.o(.data) for .data
    motor.o(.text) refers to motor.o(.bss) for .bss
    startup_stm32f10x_md.o(STACK) refers (Special) to heapauxi.o(.text) for __use_two_region_memory
    startup_stm32f10x_md.o(HEAP) refers (Special) to heapauxi.o(.text) for __use_two_region_memory
    startup_stm32f10x_md.o(RESET) refers (Special) to heapauxi.o(.text) for __use_two_region_memory
    startup_stm32f10x_md.o(RESET) refers to startup_stm32f10x_md.o(STACK) for __initial_sp
    startup_stm32f10x_md.o(RESET) refers to startup_stm32f10x_md.o(.text) for Reset_Handler
    startup_stm32f10x_md.o(RESET) refers to stm32f10x_it.o(.text) for NMI_Handler
    startup_stm32f10x_md.o(RESET) refers to control.o(.text) for TIM1_UP_IRQHandler
    startup_stm32f10x_md.o(RESET) refers to tim2_cap.o(.text) for TIM3_IRQHandler
    startup_stm32f10x_md.o(RESET) refers to encoder.o(.text) for TIM4_IRQHandler
    startup_stm32f10x_md.o(RESET) refers to usart.o(.text) for USART1_IRQHandler
    startup_stm32f10x_md.o(.text) refers (Special) to heapauxi.o(.text) for __use_two_region_memory
    startup_stm32f10x_md.o(.text) refers to system_stm32f10x.o(.text) for SystemInit
    startup_stm32f10x_md.o(.text) refers to __main.o(!!!main) for __main
    startup_stm32f10x_md.o(.text) refers to startup_stm32f10x_md.o(HEAP) for Heap_Mem
    startup_stm32f10x_md.o(.text) refers to startup_stm32f10x_md.o(STACK) for Stack_Mem
    stm32f10x_adc.o(.text) refers to stm32f10x_rcc.o(.text) for RCC_APB2PeriphResetCmd
    stm32f10x_bkp.o(.text) refers to stm32f10x_rcc.o(.text) for RCC_BackupResetCmd
    stm32f10x_can.o(.text) refers to stm32f10x_rcc.o(.text) for RCC_APB1PeriphResetCmd
    stm32f10x_cec.o(.text) refers to stm32f10x_rcc.o(.text) for RCC_APB1PeriphResetCmd
    stm32f10x_dac.o(.text) refers to stm32f10x_rcc.o(.text) for RCC_APB1PeriphResetCmd
    stm32f10x_gpio.o(.text) refers to stm32f10x_rcc.o(.text) for RCC_APB2PeriphResetCmd
    stm32f10x_i2c.o(.text) refers to stm32f10x_rcc.o(.text) for RCC_APB1PeriphResetCmd
    stm32f10x_pwr.o(.text) refers to stm32f10x_rcc.o(.text) for RCC_APB1PeriphResetCmd
    stm32f10x_rcc.o(.text) refers to stm32f10x_rcc.o(.data) for .data
    stm32f10x_spi.o(.text) refers to stm32f10x_rcc.o(.text) for RCC_APB2PeriphResetCmd
    stm32f10x_tim.o(.text) refers to stm32f10x_rcc.o(.text) for RCC_APB2PeriphResetCmd
    stm32f10x_usart.o(.text) refers to stm32f10x_rcc.o(.text) for RCC_APB2PeriphResetCmd
    stm32f10x_wwdg.o(.text) refers to stm32f10x_rcc.o(.text) for RCC_APB1PeriphResetCmd
    key.o(.text) refers to stm32f10x_rcc.o(.text) for RCC_APB2PeriphClockCmd
    key.o(.text) refers to stm32f10x_gpio.o(.text) for GPIO_Init
    key.o(.text) refers to fflt_clz.o(x$fpl$ffltu) for __aeabi_ui2f
    key.o(.text) refers to fdiv.o(x$fpl$fdiv) for __aeabi_fdiv
    key.o(.text) refers to fmul.o(x$fpl$fmul) for __aeabi_fmul
    key.o(.text) refers to ffixu.o(x$fpl$ffixu) for __aeabi_f2uiz
    key.o(.text) refers to key.o(.data) for .data
[...]
    ..\STM32F10x_FWLib\src\misc.c            0x00000000   Number         0  misc.o ABSOLUTE
    ..\STM32F10x_FWLib\src\stm32f10x_adc.c   0x00000000   Number         0  stm32f10x_adc.o ABSOLUTE
    ..\STM32F10x_FWLib\src\stm32f10x_bkp.c   0x00000000   Number         0  stm32f10x_bkp.o ABSOLUTE
    ..\STM32F10x_FWLib\src\stm32f10x_can.c   0x00000000   Number         0  stm32f10x_can.o ABSOLUTE
    ..\STM32F10x_FWLib\src\stm32f10x_cec.c   0x00000000   Number         0  stm32f10x_cec.o ABSOLUTE
    ..\STM32F10x_FWLib\src\stm32f10x_crc.c   0x00000000   Number         0  stm32f10x_crc.o ABSOLUTE
    ..\STM32F10x_FWLib\src\stm32f10x_dac.c   0x00000000   Number         0  stm32f10x_dac.o ABSOLUTE
    ..\STM32F10x_FWLib\src\stm32f10x_dbgmcu.c 0x00000000   Number         0  stm32f10x_dbgmcu.o ABSOLUTE
    ..\STM32F10x_FWLib\src\stm32f10x_dma.c   0x00000000   Number         0  stm32f10x_dma.o ABSOLUTE
    ..\STM32F10x_FWLib\src\stm32f10x_exti.c  0x00000000   Number         0  stm32f10x_exti.o ABSOLUTE
    ..\STM32F10x_FWLib\src\stm32f10x_flash.c 0x00000000   Number         0  stm32f10x_flash.o ABSOLUTE
    ..\STM32F10x_FWLib\src\stm32f10x_fsmc.c  0x00000000   Number         0  stm32f10x_fsmc.o ABSOLUTE
    ..\STM32F10x_FWLib\src\stm32f10x_gpio.c  0x00000000   Number         0  stm32f10x_gpio.o ABSOLUTE
    ..\STM32F10x_FWLib\src\stm32f10x_i2c.c   0x00000000   Number         0  stm32f10x_i2c.o ABSOLUTE
    ..\STM32F10x_FWLib\src\stm32f10x_iwdg.c  0x00000000   Number         0  stm32f10x_iwdg.o ABSOLUTE
    ..\STM32F10x_FWLib\src\stm32f10x_pwr.c   0x00000000   Number         0  stm32f10x_pwr.o ABSOLUTE
    ..\STM32F10x_FWLib\src\stm32f10x_rcc.c   0x00000000   Number         0  stm32f10x_rcc.o ABSOLUTE
    ..\STM32F10x_FWLib\src\stm32f10x_rtc.c   0x00000000   Number         0  stm32f10x_rtc.o ABSOLUTE
    ..\STM32F10x_FWLib\src\stm32f10x_sdio.c  0x00000000   Number         0  stm32f10x_sdio.o ABSOLUTE
    ..\STM32F10x_FWLib\src\stm32f10x_spi.c   0x00000000   Number         0  stm32f10x_spi.o ABSOLUTE
    ..\STM32F10x_FWLib\src\stm32f10x_tim.c   0x00000000   Number         0  stm32f10x_tim.o ABSOLUTE
    ..\STM32F10x_FWLib\src\stm32f10x_usart.c 0x00000000   Number         0  stm32f10x_usart.o ABSOLUTE
    ..\STM32F10x_FWLib\src\stm32f10x_wwdg.c  0x00000000   Number         0  stm32f10x_wwdg.o ABSOLUTE
    ..\SYSTEM\KEY\key.c                      0x00000000   Number         0  key.o ABSOLUTE
    ..\SYSTEM\OLED\oled.c                    0x00000000   Number         0  oled.o ABSOLUTE
    ..\SYSTEM\TIM2_Cap\TIM2_Cap.c            0x00000000   Number         0  tim2_cap.o ABSOLUTE
    ..\SYSTEM\delay\delay.c                  0x00000000   Number         0  delay.o ABSOLUTE
    ..\SYSTEM\encoder\encoder.c              0x00000000   Number         0  encoder.o ABSOLUTE
    ..\SYSTEM\sys\sys.c                      0x00000000   Number         0  sys.o ABSOLUTE
    ..\SYSTEM\tim1\tim1.c                    0x00000000   Number         0  tim1.o ABSOLUTE
    ..\SYSTEM\usart\usart.c                  0x00000000   Number         0  usart.o ABSOLUTE
    ..\\MiniBalance_COER\\core_cm3.c         0x00000000   Number         0  core_cm3.o ABSOLUTE
    ..\\SYSTEM\\sys\\sys.c                   0x00000000   Number         0  sys.o ABSOLUTE
    MiniBalance.c                            0x00000000   Number         0  minibalance.o ABSOLUTE
    dc.s                                     0x00000000   Number         0  dc.o ABSOLUTE
    k230_proto.c                             0x00000000   Number         0  k230_proto.o ABSOLUTE
    motor.c                                  0x00000000   Number         0  motor.o ABSOLUTE
    pid.c                                    0x00000000   Number         0  pid.o ABSOLUTE
    stm32f10x_it.c                           0x00000000   Number         0  stm32f10x_it.o ABSOLUTE
    system_stm32f10x.c                       0x00000000   Number         0  system_stm32f10x.o ABSOLUTE
    RESET                                    0x08000000   Section      236  startup_stm32f10x_md.o(RESET)
    !!!main                                  0x080000ec   Section        8  __main.o(!!!main)
    !!!scatter                               0x080000f4   Section       52  __scatter.o(!!!scatter)
    !!handler_copy                           0x08000128   Section       26  __scatter_copy.o(!!handler_copy)
    !!handler_zi                             0x08000144   Section       28  __scatter_zi.o(!!handler_zi)
    .ARM.Collect$$libinit$$00000000          0x08000160   Section        2  libinit.o(.ARM.Collect$$libinit$$00000000)
    .ARM.Collect$$libinit$$00000002          0x08000162   Section        0  libinit2.o(.ARM.Collect$$libinit$$00000002)
    .ARM.Collect$$libinit$$00000004          0x08000162   Section        0  libinit2.o(.ARM.Collect$$libinit$$00000004)
    .ARM.Collect$$libinit$$0000000A          0x08000162   Section        0  libinit2.o(.ARM.Collect$$libinit$$0000000A)
    .ARM.Collect$$libinit$$0000000C          0x08000162   Section        0  libinit2.o(.ARM.Collect$$libinit$$0000000C)
    .ARM.Collect$$libinit$$0000000E          0x08000162   Section        0  libinit2.o(.ARM.Collect$$libinit$$0000000E)
    .ARM.Collect$$libinit$$00000011          0x08000162   Section        0  libinit2.o(.ARM.Collect$$libinit$$00000011)
    .ARM.Collect$$libinit$$00000013          0x08000162   Section        0  libinit2.o(.ARM.Collect$$libinit$$00000013)
    .ARM.Collect$$libinit$$00000015          0x08000162   Section        0  libinit2.o(.ARM.Collect$$libinit$$00000015)
    .ARM.Collect$$libinit$$00000017          0x08000162   Section        0  libinit2.o(.ARM.Collect$$libinit$$00000017)
    .ARM.Collect$$libinit$$00000019          0x08000162   Section        0  libinit2.o(.ARM.Collect$$libinit$$00000019)
    .ARM.Collect$$libinit$$0000001B          0x08000162   Section        0  libinit2.o(.ARM.Collect$$libinit$$0000001B)
    .ARM.Collect$$libinit$$0000001D          0x08000162   Section        0  libinit2.o(.ARM.Collect$$libinit$$0000001D)
    .ARM.Collect$$libinit$$0000001F          0x08000162   Section        0  libinit2.o(.ARM.Collect$$libinit$$0000001F)
    .ARM.Collect$$libinit$$00000021          0x08000162   Section        0  libinit2.o(.ARM.Collect$$libinit$$00000021)
    .ARM.Collect$$libinit$$00000023          0x08000162   Section        0  libinit2.o(.ARM.Collect$$libinit$$00000023)
    .ARM.Collect$$libinit$$00000025          0x08000162   Section        0  libinit2.o(.ARM.Collect$$libinit$$00000025)
    .ARM.Collect$$libinit$$0000002C          0x08000162   Section        0  libinit2.o(.ARM.Collect$$libinit$$0000002C)
    .ARM.Collect$$libinit$$0000002E          0x08000162   Section        0  libinit2.o(.ARM.Collect$$libinit$$0000002E)
    .ARM.Collect$$libinit$$00000030          0x08000162   Section        0  libinit2.o(.ARM.Collect$$libinit$$00000030)
    .ARM.Collect$$libinit$$00000032          0x08000162   Section        0  libinit2.o(.ARM.Collect$$libinit$$00000032)
    .ARM.Collect$$libinit$$00000033          0x08000162   Section        2  libinit2.o(.ARM.Collect$$libinit$$00000033)
    .ARM.Collect$$libshutdown$$00000000      0x08000164   Section        2  libshutdown.o(.ARM.Collect$$libshutdown$$00000000)
    .ARM.Collect$$libshutdown$$00000002      0x08000166   Section        0  libshutdown2.o(.ARM.Collect$$libshutdown$$00000002)
    .ARM.Collect$$libshutdown$$00000004      0x08000166   Section        0  libshutdown2.o(.ARM.Collect$$libshutdown$$00000004)
    .ARM.Collect$$libshutdown$$00000007      0x08000166   Section        0  libshutdown2.o(.ARM.Collect$$libshutdown$$00000007)
    .ARM.Collect$$libshutdown$$0000000A      0x08000166   Section        0  libshutdown2.o(.ARM.Collect$$libshutdown$$0000000A)
    .ARM.Collect$$libshutdown$$0000000C      0x08000166   Section        0  libshutdown2.o(.ARM.Collect$$libshutdown$$0000000C)
    .ARM.Collect$$libshutdown$$0000000F      0x08000166   Section        0  libshutdown2.o(.ARM.Collect$$libshutdown$$0000000F)
    .ARM.Collect$$libshutdown$$00000010      0x08000166   Section        2  libshutdown2.o(.ARM.Collect$$libshutdown$$00000010)
    .ARM.Collect$$rtentry$$00000000          0x08000168   Section        0  __rtentry.o(.ARM.Collect$$rtentry$$00000000)
    .ARM.Collect$$rtentry$$00000002          0x08000168   Section        0  __rtentry2.o(.ARM.Collect$$rtentry$$00000002)
    .ARM.Collect$$rtentry$$00000004          0x08000168   Section        6  __rtentry4.o(.ARM.Collect$$rtentry$$00000004)
    .ARM.Collect$$rtentry$$00000009          0x0800016e   Section        0  __rtentry2.o(.ARM.Collect$$rtentry$$00000009)
    .ARM.Collect$$rtentry$$0000000A          0x0800016e   Section        4  __rtentry2.o(.ARM.Collect$$rtentry$$0000000A)
    .ARM.Collect$$rtentry$$0000000C          0x08000172   Section        0  __rtentry2.o(.ARM.Collect$$rtentry$$0000000C)
    .ARM.Collect$$rtentry$$0000000D          0x08000172   Section        8  __rtentry2.o(.ARM.Collect$$rtentry$$0000000D)
    .ARM.Collect$$rtexit$$00000000           0x0800017a   Section        2  rtexit.o(.ARM.Collect$$rtexit$$00000000)
    .ARM.Collect$$rtexit$$00000002           0x0800017c   Section        0  rtexit2.o(.ARM.Collect$$rtexit$$00000002)
    .ARM.Collect$$rtexit$$00000003           0x0800017c   Section        4  rtexit2.o(.ARM.Collect$$rtexit$$00000003)
    .ARM.Collect$$rtexit$$00000004           0x08000180   Section        6  rtexit2.o(.ARM.Collect$$rtexit$$00000004)
    .emb_text                                0x08000188   Section       12  sys.o(.emb_text)
    .text                                    0x08000194   Section        0  stm32f10x_it.o(.text)
    .text                                    0x080001a8   Section        0  system_stm32f10x.o(.text)
    SetSysClockTo72                          0x080001a9   Thumb Code   166  system_stm32f10x.o(.text)
    SetSysClock                              0x0800024f   Thumb Code     2  system_stm32f10x.o(.text)
    .text                                    0x0800031c   Section        0  minibalance.o(.text)
    update_oled                              0x0800031d   Thumb Code   130  minibalance.o(.text)
    push_d0                                  0x0800039f   Thumb Code    26  minibalance.o(.text)
    determine_scan_dir                       0x080003b9   Thumb Code    32  minibalance.o(.text)
    enter_standby                            0x080003d9   Thumb Code    54  minibalance.o(.text)
    enter_find_initial                       0x0800040f   Thumb Code    94  minibalance.o(.text)
    enter_find_secondary                     0x0800046d   Thumb Code    92  minibalance.o(.text)
    enter_align                              0x080004c9   Thumb Code   126  minibalance.o(.text)
    enter_aim                                0x08000547   Thumb Code    42  minibalance.o(.text)
    handle_button                            0x08000571   Thumb Code    90  minibalance.o(.text)
    process_k230_frame                       0x080005cb   Thumb Code   512  minibalance.o(.text)
    .text                                    0x0800092c   Section        0  pid.o(.text)
    .text                                    0x080009fc   Section        0  k230_proto.o(.text)
    .text                                    0x08000ac8   Section        0  motor.o(.text)
    clamp_phys                               0x08000adf   Thumb Code    20  motor.o(.text)
    enqueue_segment                          0x08000cbb   Thumb Code    62  motor.o(.text)
    .text                                    0x08000ff8   Section       64  startup_stm32f10x_md.o(.text)
    .text                                    0x08001038   Section        0  misc.o(.text)
    .text                                    0x080010f0   Section        0  stm32f10x_bkp.o(.text)
    .text                                    0x0800118c   Section        0  stm32f10x_dma.o(.text)
    .text                                    0x08001374   Section        0  stm32f10x_gpio.o(.text)
    .text                                    0x0800160c   Section        0  stm32f10x_pwr.o(.text)
    .text                                    0x080016b8   Section        0  stm32f10x_rcc.o(.text)
    .text                                    0x080019ac   Section        0  stm32f10x_tim.o(.text)
    TI4_Config                               0x08001e15   Thumb Code   102  stm32f10x_tim.o(.text)
    TI3_Config                               0x08001e8b   Thumb Code    98  stm32f10x_tim.o(.text)
    TI2_Config                               0x08001f05   Thumb Code   102  stm32f10x_tim.o(.text)
    TI1_Config                               0x08001f7b   Thumb Code    94  stm32f10x_tim.o(.text)
    .text                                    0x080025d8   Section        0  stm32f10x_usart.o(.text)
    .text                                    0x08002974   Section        0  key.o(.text)
    .text                                    0x08002c2c   Section        0  delay.o(.text)
    .text                                    0x08002cc4   Section        0  sys.o(.text)
    .text                                    0x08002eb4   Section        0  encoder.o(.text)
    .text                                    0x080030dc   Section        0  tim2_cap.o(.text)
    .text                                    0x080032dc   Section        0  usart.o(.text)
    .text                                    0x0800358c   Section        0  oled.o(.text)
    .text                                    0x08003ae0   Section        0  control.o(.text)
    .text                                    0x08003b04   Section       78  rt_memclr_w.o(.text)
    .text                                    0x08003b52   Section        0  heapauxi.o(.text)
    .text                                    0x08003b58   Section       74  sys_stackheap_outer.o(.text)
    .text                                    0x08003ba2   Section        0  exit.o(.text)
    .text                                    0x08003bb4   Section        8  libspace.o(.text)
    .text                                    0x08003bbc   Section        0  sys_exit.o(.text)
    .text                                    0x08003bc8   Section        2  use_no_semi.o(.text)
    .text                                    0x08003bca   Section        0  indicate_semi.o(.text)
    x$fpl$d2f                                0x08003bcc   Section       98  d2f.o(x$fpl$d2f)
    x$fpl$dcheck1                            0x08003c30   Section       16  dcheck1.o(x$fpl$dcheck1)
    x$fpl$dfltu                              0x08003c40   Section       38  dflt_clz.o(x$fpl$dfltu)
    x$fpl$dmul                               0x08003c68   Section      340  dmul.o(x$fpl$dmul)
    x$fpl$dnaninf                            0x08003dbc   Section      156  dnaninf.o(x$fpl$dnaninf)
    x$fpl$dretinf                            0x08003e58   Section       12  dretinf.o(x$fpl$dretinf)
    x$fpl$fadd                               0x08003e64   Section      196  faddsub_clz.o(x$fpl$fadd)
    _fadd1                                   0x08003e73   Thumb Code     0  faddsub_clz.o(x$fpl$fadd)
    x$fpl$fcheck1                            0x08003f28   Section       12  fcheck1.o(x$fpl$fcheck1)
    x$fpl$fcmpinf                            0x08003f34   Section       24  fcmpi.o(x$fpl$fcmpinf)
    x$fpl$fdiv                               0x08003f4c   Section      388  fdiv.o(x$fpl$fdiv)
    _fdiv1                                   0x08003f4d   Thumb Code     0  fdiv.o(x$fpl$fdiv)
    x$fpl$ffix                               0x080040d0   Section       54  ffix.o(x$fpl$ffix)
    x$fpl$ffixu                              0x08004108   Section       62  ffixu.o(x$fpl$ffixu)
    x$fpl$fflt                               0x08004148   Section       48  fflt_clz.o(x$fpl$fflt)
    x$fpl$ffltu                              0x08004178   Section       38  fflt_clz.o(x$fpl$ffltu)
    x$fpl$fleqf                              0x080041a0   Section      104  fleqf.o(x$fpl$fleqf)
    x$fpl$fmul                               0x08004208   Section      258  fmul.o(x$fpl$fmul)
    x$fpl$fnaninf                            0x0800430a   Section      140  fnaninf.o(x$fpl$fnaninf)
    x$fpl$fretinf                            0x08004396   Section       10  fretinf.o(x$fpl$fretinf)
    x$fpl$frleqf                             0x080043a0   Section       98  frleqf.o(x$fpl$frleqf)
    x$fpl$fsub                               0x08004404   Section      234  faddsub_clz.o(x$fpl$fsub)
    _fsub1                                   0x08004413   Thumb Code     0  faddsub_clz.o(x$fpl$fsub)
    x$fpl$retnan                             0x080044ee   Section      100  retnan.o(x$fpl$retnan)
    x$fpl$scalbn                             0x08004552   Section       92  scalbn.o(x$fpl$scalbn)
    x$fpl$scalbnf                            0x080045ae   Section       76  scalbnf.o(x$fpl$scalbnf)
    x$fpl$trapveneer                         0x080045fa   Section       48  trapv.o(x$fpl$trapveneer)
    .constdata                               0x0800462a   Section     2660  oled.o(.constdata)
    x$fpl$usenofp                            0x0800462a   Section        0  usenofp.o(x$fpl$usenofp)
    .data                                    0x20000000   Section       20  system_stm32f10x.o(.data)
    .data                                    0x20000014   Section        4  minibalance.o(.data)
    .data                                    0x20000018   Section        4  minibalance.o(.data)
    .data                                    0x2000001c   Section        8  minibalance.o(.data)
    mode                                     0x2000001c   Data           1  minibalance.o(.data)
    find_secondary                           0x2000001d   Data           1  minibalance.o(.data)
    d0_hist_idx                              0x2000001e   Data           1  minibalance.o(.data)
    loop_cnt                                 0x20000020   Data           4  minibalance.o(.data)
    .data                                    0x20000024   Section        8  k230_proto.o(.data)
    rx_idx                                   0x20000025   Data           1  k230_proto.o(.data)
    rx_state                                 0x20000026   Data           1  k230_proto.o(.data)
    .data                                    0x2000002c   Section       32  motor.o(.data)
    wp_active                                0x2000002c   Data           1  motor.o(.data)
    wp_head                                  0x20000040   Data           4  motor.o(.data)
    wp_tail                                  0x20000044   Data           4  motor.o(.data)
    wp_current                               0x20000048   Data           4  motor.o(.data)
    .data                                    0x2000004c   Section       20  stm32f10x_rcc.o(.data)
    ADCPrescTable                            0x2000004c   Data           4  stm32f10x_rcc.o(.data)
    APBAHBPrescTable                         0x20000050   Data          16  stm32f10x_rcc.o(.data)
    .data                                    0x20000060   Section       30  key.o(.data)
    flag_key                                 0x20000060   Data           1  key.o(.data)
    flag_key                                 0x20000061   Data           1  key.o(.data)
    count_key                                0x20000062   Data           1  key.o(.data)
    double_key                               0x20000063   Data           1  key.o(.data)
    flag_key                                 0x20000064   Data           1  key.o(.data)
    count_key                                0x20000065   Data           1  key.o(.data)
    double_key                               0x20000066   Data           1  key.o(.data)
    press_flag                               0x20000067   Data           1  key.o(.data)
    check_once                               0x20000068   Data           1  key.o(.data)
    count_single                             0x2000006a   Data           2  key.o(.data)
    Forever_count                            0x2000006c   Data           2  key.o(.data)
    count_single                             0x2000006e   Data           2  key.o(.data)
    Forever_count                            0x20000070   Data           2  key.o(.data)
    Long_Press_count                         0x20000072   Data           2  key.o(.data)
    Long_Press                               0x20000074   Data           2  key.o(.data)
    time_core                                0x20000076   Data           2  key.o(.data)
    long_press_time                          0x20000078   Data           2  key.o(.data)
    delay_mini_1                             0x2000007a   Data           2  key.o(.data)
    delay_mini_2                             0x2000007c   Data           2  key.o(.data)
    .data                                    0x2000007e   Section        4  delay.o(.data)
    fac_us                                   0x2000007e   Data           1  delay.o(.data)
    fac_ms                                   0x20000080   Data           2  delay.o(.data)
    .data                                    0x20000084   Section       12  tim2_cap.o(.data)
    state                                    0x20000084   Data           1  tim2_cap.o(.data)
    cnt                                      0x20000085   Data           1  tim2_cap.o(.data)
    cnt_period                               0x20000086   Data           2  tim2_cap.o(.data)
    .bss                                     0x20000090   Section       84  minibalance.o(.bss)
    d0_hist                                  0x200000d8   Data          12  minibalance.o(.bss)
    .bss                                     0x200000e4   Section       38  k230_proto.o(.bss)
    rx_buf                                   0x200000fc   Data          14  k230_proto.o(.bss)
    .bss                                     0x2000010c   Section       60  motor.o(.bss)
    wp_queue                                 0x2000010c   Data          32  motor.o(.bss)
    scan_s                                   0x2000012c   Data          28  motor.o(.bss)
    .bss                                     0x20000148   Section       10  usart.o(.bss)
    .bss                                     0x20000152   Section     1024  oled.o(.bss)
    .bss                                     0x20000554   Section       96  libspace.o(.bss)
    HEAP                                     0x200005b8   Section      512  startup_stm32f10x_md.o(HEAP)
    Heap_Mem                                 0x200005b8   Data         512  startup_stm32f10x_md.o(HEAP)
    STACK                                    0x200007b8   Section     1024  startup_stm32f10x_md.o(STACK)
    Stack_Mem                                0x200007b8   Data        1024  startup_stm32f10x_md.o(STACK)
    __initial_sp                             0x20000bb8   Data           0  startup_stm32f10x_md.o(STACK)

    Global Symbols

    Symbol Name                              Value     Ov Type        Size  Object(Section)

    BuildAttributes$$THM_ISAv4$P$D$K$B$S$PE$A:L22UL41UL21$X:L11$S22US41US21$IEEE1$IW$USESV6$~STKCKD$USESV7$~SHL$OSPACE$ROPI$EBA8$UX$STANDARDLIB$REQ8$PRES8$EABIv2 0x00000000   Number         0  anon$$obj.o ABSOLUTE
    __ARM_use_no_argv                        0x00000000   Number         0  minibalance.o ABSOLUTE
    __ARM_exceptions_init                     - Undefined Weak Reference
    __alloca_initialize                       - Undefined Weak Reference
    __arm_preinit_                            - Undefined Weak Reference
    __cpp_initialize__aeabi_                  - Undefined Weak Reference
    __cxa_finalize                            - Undefined Weak Reference
    __rt_locale                               - Undefined Weak Reference
    __sigvec_lookup                           - Undefined Weak Reference
    _atexit_init                              - Undefined Weak Reference
    _call_atexit_fns                          - Undefined Weak Reference
    _clock_init                               - Undefined Weak Reference
    _fp_trap_init                             - Undefined Weak Reference
    _fp_trap_shutdown                         - Undefined Weak Reference
    _get_lc_collate                           - Undefined Weak Reference
    _get_lc_ctype                             - Undefined Weak Reference
    _get_lc_monetary                          - Undefined Weak Reference
    _get_lc_numeric                           - Undefined Weak Reference
    _get_lc_time                              - Undefined Weak Reference
    _getenv_init                              - Undefined Weak Reference
    _handle_redirection                       - Undefined Weak Reference
    _init_alloc                               - Undefined Weak Reference
    _init_user_alloc                          - Undefined Weak Reference
    _initio                                   - Undefined Weak Reference
    _rand_init                                - Undefined Weak Reference
    _signal_finish                            - Undefined Weak Reference
    _signal_init                              - Undefined Weak Reference
    _terminate_alloc                          - Undefined Weak Reference
    _terminate_user_alloc                     - Undefined Weak Reference
    _terminateio                              - Undefined Weak Reference
    __Vectors_Size                           0x000000ec   Number         0  startup_stm32f10x_md.o ABSOLUTE
    __Vectors                                0x08000000   Data           4  startup_stm32f10x_md.o(RESET)
    __Vectors_End                            0x080000ec   Data           0  startup_stm32f10x_md.o(RESET)
    __main                                   0x080000ed   Thumb Code     8  __main.o(!!!main)
    __scatterload                            0x080000f5   Thumb Code     0  __scatter.o(!!!scatter)
    __scatterload_rt2                        0x080000f5   Thumb Code    44  __scatter.o(!!!scatter)
    __scatterload_rt2_thumb_only             0x080000f5   Thumb Code     0  __scatter.o(!!!scatter)
    __scatterload_null                       0x08000103   Thumb Code     0  __scatter.o(!!!scatter)
    __scatterload_copy                       0x08000129   Thumb Code    26  __scatter_copy.o(!!handler_copy)
    __scatterload_zeroinit                   0x08000145   Thumb Code    28  __scatter_zi.o(!!handler_zi)
    __rt_lib_init                            0x08000161   Thumb Code     0  libinit.o(.ARM.Collect$$libinit$$00000000)
    __rt_lib_init_alloca_1                   0x08000163   Thumb Code     0  libinit2.o(.ARM.Collect$$libinit$$0000002E)
    __rt_lib_init_argv_1                     0x08000163   Thumb Code     0  libinit2.o(.ARM.Collect$$libinit$$0000002C)
    __rt_lib_init_atexit_1                   0x08000163   Thumb Code     0  libinit2.o(.ARM.Collect$$libinit$$0000001B)
    __rt_lib_init_clock_1                    0x08000163   Thumb Code     0  libinit2.o(.ARM.Collect$$libinit$$00000021)
    __rt_lib_init_cpp_1                      0x08000163   Thumb Code     0  libinit2.o(.ARM.Collect$$libinit$$00000032)
    __rt_lib_init_exceptions_1               0x08000163   Thumb Code     0  libinit2.o(.ARM.Collect$$libinit$$00000030)
    __rt_lib_init_fp_1                       0x08000163   Thumb Code     0  libinit2.o(.ARM.Collect$$libinit$$00000002)
    __rt_lib_init_fp_trap_1                  0x08000163   Thumb Code     0  libinit2.o(.ARM.Collect$$libinit$$0000001F)
    __rt_lib_init_getenv_1                   0x08000163   Thumb Code     0  libinit2.o(.ARM.Collect$$libinit$$00000023)
    __rt_lib_init_heap_1                     0x08000163   Thumb Code     0  libinit2.o(.ARM.Collect$$libinit$$0000000A)
    __rt_lib_init_lc_collate_1               0x08000163   Thumb Code     0  libinit2.o(.ARM.Collect$$libinit$$00000011)
    __rt_lib_init_lc_ctype_1                 0x08000163   Thumb Code     0  libinit2.o(.ARM.Collect$$libinit$$00000013)
    __rt_lib_init_lc_monetary_1              0x08000163   Thumb Code     0  libinit2.o(.ARM.Collect$$libinit$$00000015)
    __rt_lib_init_lc_numeric_1               0x08000163   Thumb Code     0  libinit2.o(.ARM.Collect$$libinit$$00000017)
    __rt_lib_init_lc_time_1                  0x08000163   Thumb Code     0  libinit2.o(.ARM.Collect$$libinit$$00000019)
    __rt_lib_init_preinit_1                  0x08000163   Thumb Code     0  libinit2.o(.ARM.Collect$$libinit$$00000004)
    __rt_lib_init_rand_1                     0x08000163   Thumb Code     0  libinit2.o(.ARM.Collect$$libinit$$0000000E)
    __rt_lib_init_return                     0x08000163   Thumb Code     0  libinit2.o(.ARM.Collect$$libinit$$00000033)
    __rt_lib_init_signal_1                   0x08000163   Thumb Code     0  libinit2.o(.ARM.Collect$$libinit$$0000001D)
    __rt_lib_init_stdio_1                    0x08000163   Thumb Code     0  libinit2.o(.ARM.Collect$$libinit$$00000025)
    __rt_lib_init_user_alloc_1               0x08000163   Thumb Code     0  libinit2.o(.ARM.Collect$$libinit$$0000000C)
    __rt_lib_shutdown                        0x08000165   Thumb Code     0  libshutdown.o(.ARM.Collect$$libshutdown$$00000000)
    __rt_lib_shutdown_cpp_1                  0x08000167   Thumb Code     0  libshutdown2.o(.ARM.Collect$$libshutdown$$00000002)
    __rt_lib_shutdown_fp_trap_1              0x08000167   Thumb Code     0  libshutdown2.o(.ARM.Collect$$libshutdown$$00000007)
    __rt_lib_shutdown_heap_1                 0x08000167   Thumb Code     0  libshutdown2.o(.ARM.Collect$$libshutdown$$0000000F)
    __rt_lib_shutdown_return                 0x08000167   Thumb Code     0  libshutdown2.o(.ARM.Collect$$libshutdown$$00000010)
    __rt_lib_shutdown_signal_1               0x08000167   Thumb Code     0  libshutdown2.o(.ARM.Collect$$libshutdown$$0000000A)
    __rt_lib_shutdown_stdio_1                0x08000167   Thumb Code     0  libshutdown2.o(.ARM.Collect$$libshutdown$$00000004)
    __rt_lib_shutdown_user_alloc_1           0x08000167   Thumb Code     0  libshutdown2.o(.ARM.Collect$$libshutdown$$0000000C)
    __rt_entry                               0x08000169   Thumb Code     0  __rtentry.o(.ARM.Collect$$rtentry$$00000000)
    __rt_entry_presh_1                       0x08000169   Thumb Code     0  __rtentry2.o(.ARM.Collect$$rtentry$$00000002)
    __rt_entry_sh                            0x08000169   Thumb Code     0  __rtentry4.o(.ARM.Collect$$rtentry$$00000004)
    __rt_entry_li                            0x0800016f   Thumb Code     0  __rtentry2.o(.ARM.Collect$$rtentry$$0000000A)
    __rt_entry_postsh_1                      0x0800016f   Thumb Code     0  __rtentry2.o(.ARM.Collect$$rtentry$$00000009)
    __rt_entry_main                          0x08000173   Thumb Code     0  __rtentry2.o(.ARM.Collect$$rtentry$$0000000D)
    __rt_entry_postli_1                      0x08000173   Thumb Code     0  __rtentry2.o(.ARM.Collect$$rtentry$$0000000C)
    __rt_exit                                0x0800017b   Thumb Code     0  rtexit.o(.ARM.Collect$$rtexit$$00000000)
    __rt_exit_ls                             0x0800017d   Thumb Code     0  rtexit2.o(.ARM.Collect$$rtexit$$00000003)
    __rt_exit_prels_1                        0x0800017d   Thumb Code     0  rtexit2.o(.ARM.Collect$$rtexit$$00000002)
    __rt_exit_exit                           0x08000181   Thumb Code     0  rtexit2.o(.ARM.Collect$$rtexit$$00000004)
    WFI_SET                                  0x08000189   Thumb Code     2  sys.o(.emb_text)
    INTX_DISABLE                             0x0800018b   Thumb Code     2  sys.o(.emb_text)
    INTX_ENABLE                              0x0800018d   Thumb Code     2  sys.o(.emb_text)
    MSR_MSP                                  0x0800018f   Thumb Code     6  sys.o(.emb_text)
    NMI_Handler                              0x08000195   Thumb Code     2  stm32f10x_it.o(.text)
    HardFault_Handler                        0x08000197   Thumb Code     2  stm32f10x_it.o(.text)
    MemManage_Handler                        0x08000199   Thumb Code     2  stm32f10x_it.o(.text)
    BusFault_Handler                         0x0800019b   Thumb Code     2  stm32f10x_it.o(.text)
    UsageFault_Handler                       0x0800019d   Thumb Code     2  stm32f10x_it.o(.text)
    SVC_Handler                              0x0800019f   Thumb Code     2  stm32f10x_it.o(.text)
    DebugMon_Handler                         0x080001a1   Thumb Code     2  stm32f10x_it.o(.text)
    PendSV_Handler                           0x080001a3   Thumb Code     2  stm32f10x_it.o(.text)
    SysTick_Handler                          0x080001a5   Thumb Code     2  stm32f10x_it.o(.text)
    SystemInit                               0x08000251   Thumb Code    64  system_stm32f10x.o(.text)
    SystemCoreClockUpdate                    0x08000291   Thumb Code   106  system_stm32f10x.o(.text)
    main                                     0x080007cb   Thumb Code   314  minibalance.o(.text)
    PID_Init                                 0x0800092d   Thumb Code    36  pid.o(.text)
    PID_Update                               0x08000951   Thumb Code   156  pid.o(.text)
    PID_Reset                                0x080009ed   Thumb Code    10  pid.o(.text)
    PID_SetSetpoint                          0x080009f7   Thumb Code     4  pid.o(.text)
    k230_proto_init                          0x080009fd   Thumb Code    18  k230_proto.o(.text)
    k230_parse_frame                         0x08000a0f   Thumb Code    78  k230_proto.o(.text)
    k230_rx_byte                             0x08000a5d   Thumb Code    98  k230_proto.o(.text)
    phys_to_single                           0x08000ac9   Thumb Code    22  motor.o(.text)
    motor_reached                            0x08000af3   Thumb Code    52  motor.o(.text)
    motor_send_position                      0x08000b27   Thumb Code    80  motor.o(.text)
    motor_send_phys                          0x08000b77   Thumb Code    16  motor.o(.text)
    motor_set_mode                           0x08000b87   Thumb Code    64  motor.o(.text)
    motor_set_speed                          0x08000bc7   Thumb Code    62  motor.o(.text)
    motor_request_feedback                   0x08000c05   Thumb Code    60  motor.o(.text)
    motor_enable                             0x08000c41   Thumb Code    54  motor.o(.text)
    motor_init                               0x08000c77   Thumb Code    68  motor.o(.text)
    planner_goto                             0x08000cf9   Thumb Code    82  motor.o(.text)
    planner_tick                             0x08000d4b   Thumb Code    64  motor.o(.text)
    planner_is_active                        0x08000d8b   Thumb Code     6  motor.o(.text)
    planner_stop                             0x08000d91   Thumb Code     8  motor.o(.text)
    scan_start                               0x08000d99   Thumb Code    48  motor.o(.text)
    scan_tick                                0x08000dc9   Thumb Code    74  motor.o(.text)
    scan_stop                                0x08000e13   Thumb Code     8  motor.o(.text)
    scan_get_dir                             0x08000e1b   Thumb Code     6  motor.o(.text)
    motor2_reached                           0x08000e21   Thumb Code    52  motor.o(.text)
    motor2_send_position                     0x08000e55   Thumb Code    80  motor.o(.text)
    motor2_send_phys                         0x08000ea5   Thumb Code    16  motor.o(.text)
    motor2_set_mode                          0x08000eb5   Thumb Code    82  motor.o(.text)
    motor2_set_speed                         0x08000f07   Thumb Code    64  motor.o(.text)
    motor2_request_feedback                  0x08000f47   Thumb Code    58  motor.o(.text)
    motor2_enable                            0x08000f81   Thumb Code    54  motor.o(.text)
    motor2_init                              0x08000fb7   Thumb Code    62  motor.o(.text)
    Reset_Handler                            0x08000ff9   Thumb Code     8  startup_stm32f10x_md.o(.text)
    ADC1_2_IRQHandler                        0x08001013   Thumb Code     0  startup_stm32f10x_md.o(.text)
    CAN1_RX1_IRQHandler                      0x08001013   Thumb Code     0  startup_stm32f10x_md.o(.text)
    CAN1_SCE_IRQHandler                      0x08001013   Thumb Code     0  startup_stm32f10x_md.o(.text)
    DMA1_Channel1_IRQHandler                 0x08001013   Thumb Code     0  startup_stm32f10x_md.o(.text)
    DMA1_Channel2_IRQHandler                 0x08001013   Thumb Code     0  startup_stm32f10x_md.o(.text)
    DMA1_Channel3_IRQHandler                 0x08001013   Thumb Code     0  startup_stm32f10x_md.o(.text)
    DMA1_Channel4_IRQHandler                 0x08001013   Thumb Code     0  startup_stm32f10x_md.o(.text)
    DMA1_Channel5_IRQHandler                 0x08001013   Thumb Code     0  startup_stm32f10x_md.o(.text)
    DMA1_Channel6_IRQHandler                 0x08001013   Thumb Code     0  startup_stm32f10x_md.o(.text)
    DMA1_Channel7_IRQHandler                 0x08001013   Thumb Code     0  startup_stm32f10x_md.o(.text)
    EXTI0_IRQHandler                         0x08001013   Thumb Code     0  startup_stm32f10x_md.o(.text)
    EXTI15_10_IRQHandler                     0x08001013   Thumb Code     0  startup_stm32f10x_md.o(.text)
    EXTI1_IRQHandler                         0x08001013   Thumb Code     0  startup_stm32f10x_md.o(.text)
    EXTI2_IRQHandler                         0x08001013   Thumb Code     0  startup_stm32f10x_md.o(.text)
    EXTI3_IRQHandler                         0x08001013   Thumb Code     0  startup_stm32f10x_md.o(.text)
    EXTI4_IRQHandler                         0x08001013   Thumb Code     0  startup_stm32f10x_md.o(.text)
    EXTI9_5_IRQHandler                       0x08001013   Thumb Code     0  startup_stm32f10x_md.o(.text)
    FLASH_IRQHandler                         0x08001013   Thumb Code     0  startup_stm32f10x_md.o(.text)
    I2C1_ER_IRQHandler                       0x08001013   Thumb Code     0  startup_stm32f10x_md.o(.text)
    I2C1_EV_IRQHandler                       0x08001013   Thumb Code     0  startup_stm32f10x_md.o(.text)
    I2C2_ER_IRQHandler                       0x08001013   Thumb Code     0  startup_stm32f10x_md.o(.text)
    I2C2_EV_IRQHandler                       0x08001013   Thumb Code     0  startup_stm32f10x_md.o(.text)
    PVD_IRQHandler                           0x08001013   Thumb Code     0  startup_stm32f10x_md.o(.text)
    RCC_IRQHandler                           0x08001013   Thumb Code     0  startup_stm32f10x_md.o(.text)
    RTCAlarm_IRQHandler                      0x08001013   Thumb Code     0  startup_stm32f10x_md.o(.text)
    RTC_IRQHandler                           0x08001013   Thumb Code     0  startup_stm32f10x_md.o(.text)
    SPI1_IRQHandler                          0x08001013   Thumb Code     0  startup_stm32f10x_md.o(.text)
    SPI2_IRQHandler                          0x08001013   Thumb Code     0  startup_stm32f10x_md.o(.text)
    TAMPER_IRQHandler                        0x08001013   Thumb Code     0  startup_stm32f10x_md.o(.text)
    TIM1_BRK_IRQHandler                      0x08001013   Thumb Code     0  startup_stm32f10x_md.o(.text)
    TIM1_CC_IRQHandler                       0x08001013   Thumb Code     0  startup_stm32f10x_md.o(.text)
    TIM1_TRG_COM_IRQHandler                  0x08001013   Thumb Code     0  startup_stm32f10x_md.o(.text)
    TIM2_IRQHandler                          0x08001013   Thumb Code     0  startup_stm32f10x_md.o(.text)
    USART3_IRQHandler                        0x08001013   Thumb Code     0  startup_stm32f10x_md.o(.text)
    USBWakeUp_IRQHandler                     0x08001013   Thumb Code     0  startup_stm32f10x_md.o(.text)
    USB_HP_CAN1_TX_IRQHandler                0x08001013   Thumb Code     0  startup_stm32f10x_md.o(.text)
    USB_LP_CAN1_RX0_IRQHandler               0x08001013   Thumb Code     0  startup_stm32f10x_md.o(.text)
    WWDG_IRQHandler                          0x08001013   Thumb Code     0  startup_stm32f10x_md.o(.text)
    __user_initial_stackheap                 0x08001015   Thumb Code     0  startup_stm32f10x_md.o(.text)
    NVIC_PriorityGroupConfig                 0x08001039   Thumb Code    10  misc.o(.text)
    NVIC_Init                                0x08001043   Thumb Code    96  misc.o(.text)
    NVIC_SetVectorTable                      0x080010a3   Thumb Code    14  misc.o(.text)
    NVIC_SystemLPConfig                      0x080010b1   Thumb Code    24  misc.o(.text)
    SysTick_CLKSourceConfig                  0x080010c9   Thumb Code    28  misc.o(.text)
    BKP_DeInit                               0x080010f1   Thumb Code    18  stm32f10x_bkp.o(.text)
    BKP_TamperPinLevelConfig                 0x08001103   Thumb Code     6  stm32f10x_bkp.o(.text)
    BKP_TamperPinCmd                         0x08001109   Thumb Code     8  stm32f10x_bkp.o(.text)
    BKP_ITConfig                             0x08001111   Thumb Code     8  stm32f10x_bkp.o(.text)
    BKP_RTCOutputConfig                      0x08001119   Thumb Code    14  stm32f10x_bkp.o(.text)
    BKP_SetRTCCalibrationValue               0x08001127   Thumb Code    14  stm32f10x_bkp.o(.text)
    BKP_WriteBackupRegister                  0x08001135   Thumb Code    16  stm32f10x_bkp.o(.text)
    BKP_ReadBackupRegister                   0x08001145   Thumb Code    16  stm32f10x_bkp.o(.text)
    BKP_GetFlagStatus                        0x08001155   Thumb Code    10  stm32f10x_bkp.o(.text)
    BKP_ClearFlag                            0x0800115f   Thumb Code    14  stm32f10x_bkp.o(.text)
    BKP_GetITStatus                          0x0800116d   Thumb Code    10  stm32f10x_bkp.o(.text)
    BKP_ClearITPendingBit                    0x08001177   Thumb Code    14  stm32f10x_bkp.o(.text)
    DMA_DeInit                               0x0800118d   Thumb Code   238  stm32f10x_dma.o(.text)
    DMA_Init                                 0x0800127b   Thumb Code    58  stm32f10x_dma.o(.text)
    DMA_StructInit                           0x080012b5   Thumb Code    26  stm32f10x_dma.o(.text)
    DMA_Cmd                                  0x080012cf   Thumb Code    26  stm32f10x_dma.o(.text)
    DMA_ITConfig                             0x080012e9   Thumb Code    20  stm32f10x_dma.o(.text)
    DMA_SetCurrDataCounter                   0x080012fd   Thumb Code     4  stm32f10x_dma.o(.text)
    DMA_GetCurrDataCounter                   0x08001301   Thumb Code     6  stm32f10x_dma.o(.text)
    DMA_GetFlagStatus                        0x08001307   Thumb Code    30  stm32f10x_dma.o(.text)
    DMA_ClearFlag                            0x08001325   Thumb Code    20  stm32f10x_dma.o(.text)
    DMA_GetITStatus                          0x08001339   Thumb Code    30  stm32f10x_dma.o(.text)
    DMA_ClearITPendingBit                    0x08001357   Thumb Code    20  stm32f10x_dma.o(.text)
    GPIO_DeInit                              0x08001375   Thumb Code   188  stm32f10x_gpio.o(.text)
    GPIO_AFIODeInit                          0x08001431   Thumb Code    22  stm32f10x_gpio.o(.text)
    GPIO_Init                                0x08001447   Thumb Code   166  stm32f10x_gpio.o(.text)
    GPIO_StructInit                          0x080014ed   Thumb Code    16  stm32f10x_gpio.o(.text)
    GPIO_ReadInputDataBit                    0x080014fd   Thumb Code    14  stm32f10x_gpio.o(.text)
    GPIO_ReadInputData                       0x0800150b   Thumb Code     6  stm32f10x_gpio.o(.text)
    GPIO_ReadOutputDataBit                   0x08001511   Thumb Code    14  stm32f10x_gpio.o(.text)
    GPIO_ReadOutputData                      0x0800151f   Thumb Code     6  stm32f10x_gpio.o(.text)
    GPIO_SetBits                             0x08001525   Thumb Code     4  stm32f10x_gpio.o(.text)
    GPIO_ResetBits                           0x08001529   Thumb Code     4  stm32f10x_gpio.o(.text)
    GPIO_WriteBit                            0x0800152d   Thumb Code    12  stm32f10x_gpio.o(.text)
    GPIO_Write                               0x08001539   Thumb Code     4  stm32f10x_gpio.o(.text)
    GPIO_PinLockConfig                       0x0800153d   Thumb Code    16  stm32f10x_gpio.o(.text)
    GPIO_EventOutputConfig                   0x0800154d   Thumb Code    22  stm32f10x_gpio.o(.text)
    GPIO_EventOutputCmd                      0x08001563   Thumb Code     6  stm32f10x_gpio.o(.text)
    GPIO_PinRemapConfig                      0x08001569   Thumb Code    86  stm32f10x_gpio.o(.text)
    GPIO_EXTILineConfig                      0x080015bf   Thumb Code    34  stm32f10x_gpio.o(.text)
    GPIO_ETH_MediaInterfaceConfig            0x080015e1   Thumb Code     8  stm32f10x_gpio.o(.text)
    PWR_DeInit                               0x0800160d   Thumb Code    24  stm32f10x_pwr.o(.text)
    PWR_BackupAccessCmd                      0x08001625   Thumb Code     6  stm32f10x_pwr.o(.text)
    PWR_PVDCmd                               0x0800162b   Thumb Code     6  stm32f10x_pwr.o(.text)
    PWR_PVDLevelConfig                       0x08001631   Thumb Code    14  stm32f10x_pwr.o(.text)
    PWR_WakeUpPinCmd                         0x0800163f   Thumb Code     8  stm32f10x_pwr.o(.text)
    PWR_EnterSTOPMode                        0x08001647   Thumb Code    42  stm32f10x_pwr.o(.text)
    PWR_EnterSTANDBYMode                     0x08001671   Thumb Code    32  stm32f10x_pwr.o(.text)
    PWR_GetFlagStatus                        0x08001691   Thumb Code    16  stm32f10x_pwr.o(.text)
    PWR_ClearFlag                            0x080016a1   Thumb Code    12  stm32f10x_pwr.o(.text)
    RCC_DeInit                               0x080016b9   Thumb Code    50  stm32f10x_rcc.o(.text)
    RCC_HSEConfig                            0x080016eb   Thumb Code    50  stm32f10x_rcc.o(.text)
    RCC_GetFlagStatus                        0x0800171d   Thumb Code    42  stm32f10x_rcc.o(.text)
    RCC_WaitForHSEStartUp                    0x08001747   Thumb Code    48  stm32f10x_rcc.o(.text)
    RCC_AdjustHSICalibrationValue            0x08001777   Thumb Code    16  stm32f10x_rcc.o(.text)
    RCC_HSICmd                               0x08001787   Thumb Code     6  stm32f10x_rcc.o(.text)
    RCC_PLLConfig                            0x0800178d   Thumb Code    16  stm32f10x_rcc.o(.text)
    RCC_PLLCmd                               0x0800179d   Thumb Code     6  stm32f10x_rcc.o(.text)
    RCC_SYSCLKConfig                         0x080017a3   Thumb Code    14  stm32f10x_rcc.o(.text)
    RCC_GetSYSCLKSource                      0x080017b1   Thumb Code    10  stm32f10x_rcc.o(.text)
    RCC_HCLKConfig                           0x080017bb   Thumb Code    14  stm32f10x_rcc.o(.text)
    RCC_PCLK1Config                          0x080017c9   Thumb Code    14  stm32f10x_rcc.o(.text)
    RCC_PCLK2Config                          0x080017d7   Thumb Code    16  stm32f10x_rcc.o(.text)
    RCC_ITConfig                             0x080017e7   Thumb Code    22  stm32f10x_rcc.o(.text)
    RCC_USBCLKConfig                         0x080017fd   Thumb Code     8  stm32f10x_rcc.o(.text)
    RCC_ADCCLKConfig                         0x08001805   Thumb Code    14  stm32f10x_rcc.o(.text)
    RCC_LSEConfig                            0x08001813   Thumb Code    36  stm32f10x_rcc.o(.text)
    RCC_LSICmd                               0x08001837   Thumb Code     6  stm32f10x_rcc.o(.text)
    RCC_RTCCLKConfig                         0x0800183d   Thumb Code    10  stm32f10x_rcc.o(.text)
    RCC_RTCCLKCmd                            0x08001847   Thumb Code     8  stm32f10x_rcc.o(.text)
    RCC_GetClocksFreq                        0x0800184f   Thumb Code   154  stm32f10x_rcc.o(.text)
    RCC_AHBPeriphClockCmd                    0x080018e9   Thumb Code    22  stm32f10x_rcc.o(.text)
    RCC_APB2PeriphClockCmd                   0x080018ff   Thumb Code    22  stm32f10x_rcc.o(.text)
    RCC_APB1PeriphClockCmd                   0x08001915   Thumb Code    22  stm32f10x_rcc.o(.text)
    RCC_APB2PeriphResetCmd                   0x0800192b   Thumb Code    22  stm32f10x_rcc.o(.text)
    RCC_APB1PeriphResetCmd                   0x08001941   Thumb Code    22  stm32f10x_rcc.o(.text)
    RCC_BackupResetCmd                       0x08001957   Thumb Code     8  stm32f10x_rcc.o(.text)
    RCC_ClockSecuritySystemCmd               0x0800195f   Thumb Code     6  stm32f10x_rcc.o(.text)
    RCC_MCOConfig                            0x08001965   Thumb Code     6  stm32f10x_rcc.o(.text)
    RCC_ClearFlag                            0x0800196b   Thumb Code    12  stm32f10x_rcc.o(.text)
    RCC_GetITStatus                          0x08001977   Thumb Code    16  stm32f10x_rcc.o(.text)
    RCC_ClearITPendingBit                    0x08001987   Thumb Code     6  stm32f10x_rcc.o(.text)
    TIM_DeInit                               0x080019ad   Thumb Code   464  stm32f10x_tim.o(.text)
    TIM_TimeBaseInit                         0x08001b7d   Thumb Code   114  stm32f10x_tim.o(.text)
    TIM_OC1Init                              0x08001bef   Thumb Code   114  stm32f10x_tim.o(.text)
    TIM_OC2Init                              0x08001c61   Thumb Code   128  stm32f10x_tim.o(.text)
    TIM_OC3Init                              0x08001ce1   Thumb Code   124  stm32f10x_tim.o(.text)
    TIM_OC4Init                              0x08001d5d   Thumb Code   160  stm32f10x_tim.o(.text)
    TIM_SetIC4Prescaler                      0x08001dfd   Thumb Code    24  stm32f10x_tim.o(.text)
    TIM_SetIC3Prescaler                      0x08001e7b   Thumb Code    16  stm32f10x_tim.o(.text)
    TIM_SetIC2Prescaler                      0x08001eed   Thumb Code    24  stm32f10x_tim.o(.text)
    TIM_SetIC1Prescaler                      0x08001f6b   Thumb Code    16  stm32f10x_tim.o(.text)
    TIM_ICInit                               0x08001fd9   Thumb Code   114  stm32f10x_tim.o(.text)
    TIM_PWMIConfig                           0x0800204b   Thumb Code   106  stm32f10x_tim.o(.text)
    TIM_BDTRConfig                           0x080020b5   Thumb Code    34  stm32f10x_tim.o(.text)
    TIM_TimeBaseStructInit                   0x080020d7   Thumb Code    18  stm32f10x_tim.o(.text)
    TIM_OCStructInit                         0x080020e9   Thumb Code    20  stm32f10x_tim.o(.text)
    TIM_ICStructInit                         0x080020fd   Thumb Code    16  stm32f10x_tim.o(.text)
    TIM_BDTRStructInit                       0x0800210d   Thumb Code    18  stm32f10x_tim.o(.text)
    TIM_Cmd                                  0x0800211f   Thumb Code    24  stm32f10x_tim.o(.text)
    TIM_CtrlPWMOutputs                       0x08002137   Thumb Code    28  stm32f10x_tim.o(.text)
    TIM_ITConfig                             0x08002153   Thumb Code    20  stm32f10x_tim.o(.text)
    TIM_GenerateEvent                        0x08002167   Thumb Code     4  stm32f10x_tim.o(.text)
    TIM_DMAConfig                            0x0800216b   Thumb Code     8  stm32f10x_tim.o(.text)
    TIM_DMACmd                               0x08002173   Thumb Code    20  stm32f10x_tim.o(.text)
    TIM_InternalClockConfig                  0x08002187   Thumb Code    10  stm32f10x_tim.o(.text)
    TIM_SelectInputTrigger                   0x08002191   Thumb Code    12  stm32f10x_tim.o(.text)
    TIM_ITRxExternalClockConfig              0x0800219d   Thumb Code    20  stm32f10x_tim.o(.text)
    TIM_TIxExternalClockConfig               0x080021b1   Thumb Code    48  stm32f10x_tim.o(.text)
    TIM_ETRConfig                            0x080021e1   Thumb Code    24  stm32f10x_tim.o(.text)
    TIM_ETRClockMode1Config                  0x080021f9   Thumb Code    52  stm32f10x_tim.o(.text)
    TIM_ETRClockMode2Config                  0x0800222d   Thumb Code    20  stm32f10x_tim.o(.text)
    TIM_PrescalerConfig                      0x08002241   Thumb Code     6  stm32f10x_tim.o(.text)
    TIM_CounterModeConfig                    0x08002247   Thumb Code    12  stm32f10x_tim.o(.text)
    TIM_EncoderInterfaceConfig               0x08002253   Thumb Code    50  stm32f10x_tim.o(.text)
    TIM_ForcedOC1Config                      0x08002285   Thumb Code    12  stm32f10x_tim.o(.text)
    TIM_ForcedOC2Config                      0x08002291   Thumb Code    20  stm32f10x_tim.o(.text)
    TIM_ForcedOC3Config                      0x080022a5   Thumb Code    12  stm32f10x_tim.o(.text)
    TIM_ForcedOC4Config                      0x080022b1   Thumb Code    20  stm32f10x_tim.o(.text)
    TIM_ARRPreloadConfig                     0x080022c5   Thumb Code    24  stm32f10x_tim.o(.text)
    TIM_SelectCOM                            0x080022dd   Thumb Code    24  stm32f10x_tim.o(.text)
    TIM_SelectCCDMA                          0x080022f5   Thumb Code    24  stm32f10x_tim.o(.text)
    TIM_CCPreloadControl                     0x0800230d   Thumb Code    24  stm32f10x_tim.o(.text)
    TIM_OC1PreloadConfig                     0x08002325   Thumb Code    12  stm32f10x_tim.o(.text)
    TIM_OC2PreloadConfig                     0x08002331   Thumb Code    20  stm32f10x_tim.o(.text)
    TIM_OC3PreloadConfig                     0x08002345   Thumb Code    12  stm32f10x_tim.o(.text)
    TIM_OC4PreloadConfig                     0x08002351   Thumb Code    20  stm32f10x_tim.o(.text)
    TIM_OC1FastConfig                        0x08002365   Thumb Code    12  stm32f10x_tim.o(.text)
    TIM_OC2FastConfig                        0x08002371   Thumb Code    20  stm32f10x_tim.o(.text)
    TIM_OC3FastConfig                        0x08002385   Thumb Code    12  stm32f10x_tim.o(.text)
    TIM_OC4FastConfig                        0x08002391   Thumb Code    20  stm32f10x_tim.o(.text)
    TIM_ClearOC1Ref                          0x080023a5   Thumb Code    12  stm32f10x_tim.o(.text)
    TIM_ClearOC2Ref                          0x080023b1   Thumb Code    20  stm32f10x_tim.o(.text)
    TIM_ClearOC3Ref                          0x080023c5   Thumb Code    12  stm32f10x_tim.o(.text)
    TIM_ClearOC4Ref                          0x080023d1   Thumb Code    20  stm32f10x_tim.o(.text)
    TIM_OC1PolarityConfig                    0x080023e5   Thumb Code    12  stm32f10x_tim.o(.text)
    TIM_OC1NPolarityConfig                   0x080023f1   Thumb Code    12  stm32f10x_tim.o(.text)
    TIM_OC2PolarityConfig                    0x080023fd   Thumb Code    20  stm32f10x_tim.o(.text)
    TIM_OC2NPolarityConfig                   0x08002411   Thumb Code    20  stm32f10x_tim.o(.text)
    TIM_OC3PolarityConfig                    0x08002425   Thumb Code    20  stm32f10x_tim.o(.text)
    TIM_OC3NPolarityConfig                   0x08002439   Thumb Code    20  stm32f10x_tim.o(.text)
    TIM_OC4PolarityConfig                    0x0800244d   Thumb Code    20  stm32f10x_tim.o(.text)
    TIM_CCxCmd                               0x08002461   Thumb Code    22  stm32f10x_tim.o(.text)
    TIM_CCxNCmd                              0x08002477   Thumb Code    22  stm32f10x_tim.o(.text)
    TIM_SelectOCxM                           0x0800248d   Thumb Code    76  stm32f10x_tim.o(.text)
    TIM_UpdateDisableConfig                  0x080024d9   Thumb Code    24  stm32f10x_tim.o(.text)
    TIM_UpdateRequestConfig                  0x080024f1   Thumb Code    24  stm32f10x_tim.o(.text)
    TIM_SelectHallSensor                     0x08002509   Thumb Code    24  stm32f10x_tim.o(.text)
    TIM_SelectOnePulseMode                   0x08002521   Thumb Code    16  stm32f10x_tim.o(.text)
    TIM_SelectOutputTrigger                  0x08002531   Thumb Code    16  stm32f10x_tim.o(.text)
    TIM_SelectSlaveMode                      0x08002541   Thumb Code    16  stm32f10x_tim.o(.text)
    TIM_SelectMasterSlaveMode                0x08002551   Thumb Code    16  stm32f10x_tim.o(.text)
    TIM_SetCounter                           0x08002561   Thumb Code     4  stm32f10x_tim.o(.text)
    TIM_SetAutoreload                        0x08002565   Thumb Code     4  stm32f10x_tim.o(.text)
    TIM_SetCompare1                          0x08002569   Thumb Code     4  stm32f10x_tim.o(.text)
    TIM_SetCompare2                          0x0800256d   Thumb Code     4  stm32f10x_tim.o(.text)
    TIM_SetCompare3                          0x08002571   Thumb Code     4  stm32f10x_tim.o(.text)
    TIM_SetCompare4                          0x08002575   Thumb Code     6  stm32f10x_tim.o(.text)
    TIM_SetClockDivision                     0x0800257b   Thumb Code    16  stm32f10x_tim.o(.text)
    TIM_GetCapture1                          0x0800258b   Thumb Code     4  stm32f10x_tim.o(.text)
    TIM_GetCapture2                          0x0800258f   Thumb Code     4  stm32f10x_tim.o(.text)
    TIM_GetCapture3                          0x08002593   Thumb Code     4  stm32f10x_tim.o(.text)
    TIM_GetCapture4                          0x08002597   Thumb Code     6  stm32f10x_tim.o(.text)
    TIM_GetCounter                           0x0800259d   Thumb Code     4  stm32f10x_tim.o(.text)
    TIM_GetPrescaler                         0x080025a1   Thumb Code     4  stm32f10x_tim.o(.text)
    TIM_GetFlagStatus                        0x080025a5   Thumb Code    14  stm32f10x_tim.o(.text)
    TIM_ClearFlag                            0x080025b3   Thumb Code     6  stm32f10x_tim.o(.text)
    TIM_GetITStatus                          0x080025b9   Thumb Code    24  stm32f10x_tim.o(.text)
    TIM_ClearITPendingBit                    0x080025d1   Thumb Code     6  stm32f10x_tim.o(.text)
    USART_DeInit                             0x080025d9   Thumb Code   144  stm32f10x_usart.o(.text)
    USART_Init                               0x08002669   Thumb Code   182  stm32f10x_usart.o(.text)
    USART_StructInit                         0x0800271f   Thumb Code    22  stm32f10x_usart.o(.text)
    USART_ClockInit                          0x08002735   Thumb Code    30  stm32f10x_usart.o(.text)
    USART_ClockStructInit                    0x08002753   Thumb Code    12  stm32f10x_usart.o(.text)
    USART_Cmd                                0x0800275f   Thumb Code    24  stm32f10x_usart.o(.text)
    USART_ITConfig                           0x08002777   Thumb Code    54  stm32f10x_usart.o(.text)
    USART_DMACmd                             0x080027ad   Thumb Code    20  stm32f10x_usart.o(.text)
    USART_SetAddress                         0x080027c1   Thumb Code    16  stm32f10x_usart.o(.text)
    USART_WakeUpConfig                       0x080027d1   Thumb Code    16  stm32f10x_usart.o(.text)
    USART_ReceiverWakeUpCmd                  0x080027e1   Thumb Code    24  stm32f10x_usart.o(.text)
    USART_LINBreakDetectLengthConfig         0x080027f9   Thumb Code    16  stm32f10x_usart.o(.text)
    USART_LINCmd                             0x08002809   Thumb Code    24  stm32f10x_usart.o(.text)
    USART_SendData                           0x08002821   Thumb Code     8  stm32f10x_usart.o(.text)
    USART_ReceiveData                        0x08002829   Thumb Code     8  stm32f10x_usart.o(.text)
    USART_SendBreak                          0x08002831   Thumb Code    10  stm32f10x_usart.o(.text)
    USART_SetGuardTime                       0x0800283b   Thumb Code    16  stm32f10x_usart.o(.text)
    USART_SetPrescaler                       0x0800284b   Thumb Code    16  stm32f10x_usart.o(.text)
    USART_SmartCardCmd                       0x0800285b   Thumb Code    24  stm32f10x_usart.o(.text)
    USART_SmartCardNACKCmd                   0x08002873   Thumb Code    24  stm32f10x_usart.o(.text)
    USART_HalfDuplexCmd                      0x0800288b   Thumb Code    24  stm32f10x_usart.o(.text)
    USART_OverSampling8Cmd                   0x080028a3   Thumb Code    24  stm32f10x_usart.o(.text)
    USART_OneBitMethodCmd                    0x080028bb   Thumb Code    24  stm32f10x_usart.o(.text)
    USART_IrDAConfig                         0x080028d3   Thumb Code    16  stm32f10x_usart.o(.text)
    USART_IrDACmd                            0x080028e3   Thumb Code    24  stm32f10x_usart.o(.text)
    USART_GetFlagStatus                      0x080028fb   Thumb Code    14  stm32f10x_usart.o(.text)
    USART_ClearFlag                          0x08002909   Thumb Code     8  stm32f10x_usart.o(.text)
    USART_GetITStatus                        0x08002911   Thumb Code    64  stm32f10x_usart.o(.text)
    USART_ClearITPendingBit                  0x08002951   Thumb Code    16  stm32f10x_usart.o(.text)
    KEY_Init                                 0x08002975   Thumb Code    38  key.o(.text)
    click                                    0x0800299b   Thumb Code    42  key.o(.text)
    Delay_ms                                 0x080029c5   Thumb Code    18  key.o(.text)
    click_N_Double                           0x080029d7   Thumb Code   134  key.o(.text)
    click_N_Double_MPU6050                   0x08002a5d   Thumb Code   134  key.o(.text)
    Long_Press                               0x08002ae3   Thumb Code    50  key.o(.text)
    KEY_Scan                                 0x08002b15   Thumb Code   246  key.o(.text)
    delay_init                               0x08002c2d   Thumb Code    46  delay.o(.text)
    delay_us                                 0x08002c5b   Thumb Code    46  delay.o(.text)
    delay_ms                                 0x08002c89   Thumb Code    46  delay.o(.text)
    MY_NVIC_SetVectorTable                   0x08002cc5   Thumb Code    12  sys.o(.text)
    MY_NVIC_PriorityGroupConfig              0x08002cd1   Thumb Code    28  sys.o(.text)
    MY_NVIC_Init                             0x08002ced   Thumb Code    74  sys.o(.text)
    Ex_NVIC_Config                           0x08002d37   Thumb Code    84  sys.o(.text)
    MYRCC_DeInit                             0x08002d8b   Thumb Code    62  sys.o(.text)
    Sys_Standby                              0x08002dc9   Thumb Code    52  sys.o(.text)
    Sys_Soft_Reset                           0x08002dfd   Thumb Code    12  sys.o(.text)
    JTAG_Set                                 0x08002e09   Thumb Code    30  sys.o(.text)
    Stm32_Clock_Init                         0x08002e27   Thumb Code   100  sys.o(.text)
    Encoder_Init                             0x08002eb5   Thumb Code   174  encoder.o(.text)
    Read_Encoder                             0x08002f63   Thumb Code    10  encoder.o(.text)
    TIM4_IRQHandler                          0x08002f6d   Thumb Code    30  encoder.o(.text)
    Spi_Init                                 0x08002f8b   Thumb Code    80  encoder.o(.text)
    Spi_Transmit_Receive                     0x08002fdb   Thumb Code   128  encoder.o(.text)
    Get_Machinery_Angle                      0x0800305b   Thumb Code   112  encoder.o(.text)
    TIM3_Cap_Init                            0x080030dd   Thumb Code   168  tim2_cap.o(.text)
    TIM3_IRQHandler                          0x08003185   Thumb Code   218  tim2_cap.o(.text)
    Get_Position                             0x0800325f   Thumb Code   104  tim2_cap.o(.text)
    uart_init                                0x080032dd   Thumb Code   152  usart.o(.text)
    uart2_init                               0x08003375   Thumb Code   236  usart.o(.text)
    usart1_send                              0x08003461   Thumb Code    16  usart.o(.text)
    USART1_SEND                              0x08003471   Thumb Code    26  usart.o(.text)
    usart2_send                              0x0800348b   Thumb Code    16  usart.o(.text)
    USART2_SEND                              0x0800349b   Thumb Code    26  usart.o(.text)
    BCC_Sum1                                 0x080034b5   Thumb Code    24  usart.o(.text)
    USART1_IRQHandler                        0x080034cd   Thumb Code    48  usart.o(.text)
    USART2_IRQHandler                        0x080034fd   Thumb Code   116  usart.o(.text)
    OLED_WR_Byte                             0x0800358d   Thumb Code    66  oled.o(.text)
    OLED_Refresh_Gram                        0x080035cf   Thumb Code    78  oled.o(.text)
    OLED_Display_On                          0x0800361d   Thumb Code    28  oled.o(.text)
    OLED_Display_Off                         0x08003639   Thumb Code    28  oled.o(.text)
    OLED_Clear                               0x08003655   Thumb Code    36  oled.o(.text)
    OLED_DrawPoint                           0x08003679   Thumb Code    56  oled.o(.text)
    OLED_ShowChar                            0x080036b1   Thumb Code   134  oled.o(.text)
    oled_pow                                 0x08003737   Thumb Code    16  oled.o(.text)
    OLED_ShowNumber                          0x08003747   Thumb Code   124  oled.o(.text)
    OLED_ShowString                          0x080037c3   Thumb Code    62  oled.o(.text)
    OLED_Init                                0x08003801   Thumb Code   312  oled.o(.text)
    OLED_DrawPoint_Shu                       0x08003939   Thumb Code    84  oled.o(.text)
    OLED_Show                                0x0800398d   Thumb Code   306  oled.o(.text)
    TIM1_UP_IRQHandler                       0x08003ae1   Thumb Code    30  control.o(.text)
    __aeabi_memclr4                          0x08003b05   Thumb Code     0  rt_memclr_w.o(.text)
    __aeabi_memclr8                          0x08003b05   Thumb Code     0  rt_memclr_w.o(.text)
    __rt_memclr_w                            0x08003b05   Thumb Code    78  rt_memclr_w.o(.text)
    _memset_w                                0x08003b09   Thumb Code     0  rt_memclr_w.o(.text)
    __use_two_region_memory                  0x08003b53   Thumb Code     2  heapauxi.o(.text)
    __rt_heap_escrow$2region                 0x08003b55   Thumb Code     2  heapauxi.o(.text)
    __rt_heap_expand$2region                 0x08003b57   Thumb Code     2  heapauxi.o(.text)
    __user_setup_stackheap                   0x08003b59   Thumb Code    74  sys_stackheap_outer.o(.text)
    exit                                     0x08003ba3   Thumb Code    18  exit.o(.text)
    __user_libspace                          0x08003bb5   Thumb Code     8  libspace.o(.text)
    __user_perproc_libspace                  0x08003bb5   Thumb Code     0  libspace.o(.text)
    __user_perthread_libspace                0x08003bb5   Thumb Code     0  libspace.o(.text)
    _sys_exit                                0x08003bbd   Thumb Code     8  sys_exit.o(.text)
    __I$use$semihosting                      0x08003bc9   Thumb Code     0  use_no_semi.o(.text)
    __use_no_semihosting_swi                 0x08003bc9   Thumb Code     2  use_no_semi.o(.text)
    __semihosting_library_function           0x08003bcb   Thumb Code     0  indicate_semi.o(.text)
    __aeabi_d2f                              0x08003bcd   Thumb Code     0  d2f.o(x$fpl$d2f)
    _d2f                                     0x08003bcd   Thumb Code    98  d2f.o(x$fpl$d2f)
    __fpl_dcheck_NaN1                        0x08003c31   Thumb Code    10  dcheck1.o(x$fpl$dcheck1)
    __aeabi_ui2d                             0x08003c41   Thumb Code     0  dflt_clz.o(x$fpl$dfltu)
    _dfltu                                   0x08003c41   Thumb Code    38  dflt_clz.o(x$fpl$dfltu)
    __aeabi_dmul                             0x08003c69   Thumb Code     0  dmul.o(x$fpl$dmul)
    _dmul                                    0x08003c69   Thumb Code   332  dmul.o(x$fpl$dmul)
    __fpl_dnaninf                            0x08003dbd   Thumb Code   156  dnaninf.o(x$fpl$dnaninf)
    __fpl_dretinf                            0x08003e59   Thumb Code    12  dretinf.o(x$fpl$dretinf)
    __aeabi_fadd                             0x08003e65   Thumb Code     0  faddsub_clz.o(x$fpl$fadd)
    _fadd                                    0x08003e65   Thumb Code   196  faddsub_clz.o(x$fpl$fadd)
    __fpl_fcheck_NaN1                        0x08003f29   Thumb Code     6  fcheck1.o(x$fpl$fcheck1)
    __fpl_fcmp_Inf                           0x08003f35   Thumb Code    24  fcmpi.o(x$fpl$fcmpinf)
    __aeabi_fdiv                             0x08003f4d   Thumb Code     0  fdiv.o(x$fpl$fdiv)
    _fdiv                                    0x08003f4d   Thumb Code   384  fdiv.o(x$fpl$fdiv)
    __aeabi_f2iz                             0x080040d1   Thumb Code     0  ffix.o(x$fpl$ffix)
    _ffix                                    0x080040d1   Thumb Code    54  ffix.o(x$fpl$ffix)
    __aeabi_f2uiz                            0x08004109   Thumb Code     0  ffixu.o(x$fpl$ffixu)
    _ffixu                                   0x08004109   Thumb Code    62  ffixu.o(x$fpl$ffixu)
    __aeabi_i2f                              0x08004149   Thumb Code     0  fflt_clz.o(x$fpl$fflt)
    _fflt                                    0x08004149   Thumb Code    48  fflt_clz.o(x$fpl$fflt)
    __aeabi_ui2f                             0x08004179   Thumb Code     0  fflt_clz.o(x$fpl$ffltu)
    _ffltu                                   0x08004179   Thumb Code    38  fflt_clz.o(x$fpl$ffltu)
    __aeabi_cfcmple                          0x080041a1   Thumb Code     0  fleqf.o(x$fpl$fleqf)
    _fcmple                                  0x080041a1   Thumb Code   104  fleqf.o(x$fpl$fleqf)
    __fpl_fcmple_InfNaN                      0x080041f3   Thumb Code     0  fleqf.o(x$fpl$fleqf)
    __aeabi_fmul                             0x08004209   Thumb Code     0  fmul.o(x$fpl$fmul)
    _fmul                                    0x08004209   Thumb Code   258  fmul.o(x$fpl$fmul)
    __fpl_fnaninf                            0x0800430b   Thumb Code   140  fnaninf.o(x$fpl$fnaninf)
    __fpl_fretinf                            0x08004397   Thumb Code    10  fretinf.o(x$fpl$fretinf)
    __aeabi_cfrcmple                         0x080043a1   Thumb Code     0  frleqf.o(x$fpl$frleqf)
    _frcmple                                 0x080043a1   Thumb Code    98  frleqf.o(x$fpl$frleqf)
    __aeabi_fsub                             0x08004405   Thumb Code     0  faddsub_clz.o(x$fpl$fsub)
    _fsub                                    0x08004405   Thumb Code   234  faddsub_clz.o(x$fpl$fsub)
    __fpl_return_NaN                         0x080044ef   Thumb Code   100  retnan.o(x$fpl$retnan)
    __ARM_scalbn                             0x08004553   Thumb Code    92  scalbn.o(x$fpl$scalbn)
    __ARM_scalbnf                            0x080045af   Thumb Code    76  scalbnf.o(x$fpl$scalbnf)
    __fpl_cmpreturn                          0x080045fb   Thumb Code    48  trapv.o(x$fpl$trapveneer)
    __I$use$fp                               0x0800462a   Number         0  usenofp.o(x$fpl$usenofp)
    oled_asc2_1206                           0x0800462a   Data        1140  oled.o(.constdata)
    oled_asc2_1608                           0x08004a9e   Data        1520  oled.o(.constdata)
    Region$$Table$$Base                      0x08005090   Number         0  anon$$obj.o(Region$$Table)
    Region$$Table$$Limit                     0x080050b0   Number         0  anon$$obj.o(Region$$Table)
    SystemCoreClock                          0x20000000   Data           4  system_stm32f10x.o(.data)
    AHBPrescTable                            0x20000004   Data          16  system_stm32f10x.o(.data)
    Motor1_T_Position                        0x20000014   Data           4  minibalance.o(.data)
    Motor2_T_Position                        0x20000018   Data           4  minibalance.o(.data)
    k230_frame_ready                         0x20000024   Data           1  k230_proto.o(.data)
    k230_frame_count                         0x20000028   Data           4  k230_proto.o(.data)
    Motor1_Current_Position                  0x20000030   Data           4  motor.o(.data)
    phys_pos                                 0x20000034   Data           4  motor.o(.data)
    Motor2_Current_Position                  0x20000038   Data           4  motor.o(.data)
    phys_pos2                                0x2000003c   Data           4  motor.o(.data)
    period_count                             0x20000088   Data           4  tim2_cap.o(.data)
    high_level_count                         0x2000008c   Data           4  tim2_cap.o(.data)
    pid_azimuth                              0x20000090   Data          36  minibalance.o(.bss)
    pid_pitch                                0x200000b4   Data          36  minibalance.o(.bss)
    k230_frame                               0x200000e4   Data          24  k230_proto.o(.bss)
    usart2_receive_data                      0x20000148   Data          10  usart.o(.bss)
    OLED_GRAM                                0x20000152   Data        1024  oled.o(.bss)
    __libspace_start                         0x20000554   Data          96  libspace.o(.bss)
    __temporary_stack_top$libspace           0x200005b4   Data           0  libspace.o(.bss)



==============================================================================

Memory Map of the image

  Image Entry point : 0x080000ed

  Load Region LR_IROM1 (Base: 0x08000000, Size: 0x00005140, Max: 0x00010000, ABSOLUTE)

    Execution Region ER_IROM1 (Exec base: 0x08000000, Load base: 0x08000000, Size: 0x000050b0, Max: 0x00010000, ABSOLUTE)

    Exec Addr    Load Addr    Size         Type   Attr      Idx    E Section Name        Object

    0x08000000   0x08000000   0x000000ec   Data   RO          362    RESET               startup_stm32f10x_md.o
    0x080000ec   0x080000ec   0x00000008   Code   RO          833  * !!!main             c_w.l(__main.o)
    0x080000f4   0x080000f4   0x00000034   Code   RO         1053    !!!scatter          c_w.l(__scatter.o)
    0x08000128   0x08000128   0x0000001a   Code   RO         1055    !!handler_copy      c_w.l(__scatter_copy.o)
    0x08000142   0x08000142   0x00000002   PAD
    0x08000144   0x08000144   0x0000001c   Code   RO         1057    !!handler_zi        c_w.l(__scatter_zi.o)
    0x08000160   0x08000160   0x00000002   Code   RO          921    .ARM.Collect$$libinit$$00000000  c_w.l(libinit.o)
    0x08000162   0x08000162   0x00000000   Code   RO          930    .ARM.Collect$$libinit$$00000002  c_w.l(libinit2.o)
    0x08000162   0x08000162   0x00000000   Code   RO          932    .ARM.Collect$$libinit$$00000004  c_w.l(libinit2.o)
    0x08000162   0x08000162   0x00000000   Code   RO          935    .ARM.Collect$$libinit$$0000000A  c_w.l(libinit2.o)
    0x08000162   0x08000162   0x00000000   Code   RO          937    .ARM.Collect$$libinit$$0000000C  c_w.l(libinit2.o)
    0x08000162   0x08000162   0x00000000   Code   RO          939    .ARM.Collect$$libinit$$0000000E  c_w.l(libinit2.o)
    0x08000162   0x08000162   0x00000000   Code   RO          942    .ARM.Collect$$libinit$$00000011  c_w.l(libinit2.o)
    0x08000162   0x08000162   0x00000000   Code   RO          944    .ARM.Collect$$libinit$$00000013  c_w.l(libinit2.o)
    0x08000162   0x08000162   0x00000000   Code   RO          946    .ARM.Collect$$libinit$$00000015  c_w.l(libinit2.o)
    0x08000162   0x08000162   0x00000000   Code   RO          948    .ARM.Collect$$libinit$$00000017  c_w.l(libinit2.o)
    0x08000162   0x08000162   0x00000000   Code   RO          950    .ARM.Collect$$libinit$$00000019  c_w.l(libinit2.o)
    0x08000162   0x08000162   0x00000000   Code   RO          952    .ARM.Collect$$libinit$$0000001B  c_w.l(libinit2.o)
    0x08000162   0x08000162   0x00000000   Code   RO          954    .ARM.Collect$$libinit$$0000001D  c_w.l(libinit2.o)
    0x08000162   0x08000162   0x00000000   Code   RO          956    .ARM.Collect$$libinit$$0000001F  c_w.l(libinit2.o)
    0x08000162   0x08000162   0x00000000   Code   RO          958    .ARM.Collect$$libinit$$00000021  c_w.l(libinit2.o)
    0x08000162   0x08000162   0x00000000   Code   RO          960    .ARM.Collect$$libinit$$00000023  c_w.l(libinit2.o)
    0x08000162   0x08000162   0x00000000   Code   RO          962    .ARM.Collect$$libinit$$00000025  c_w.l(libinit2.o)
    0x08000162   0x08000162   0x00000000   Code   RO          966    .ARM.Collect$$libinit$$0000002C  c_w.l(libinit2.o)
    0x08000162   0x08000162   0x00000000   Code   RO          968    .ARM.Collect$$libinit$$0000002E  c_w.l(libinit2.o)
    0x08000162   0x08000162   0x00000000   Code   RO          970    .ARM.Collect$$libinit$$00000030  c_w.l(libinit2.o)
    0x08000162   0x08000162   0x00000000   Code   RO          972    .ARM.Collect$$libinit$$00000032  c_w.l(libinit2.o)
    0x08000162   0x08000162   0x00000002   Code   RO          973    .ARM.Collect$$libinit$$00000033  c_w.l(libinit2.o)
    0x08000164   0x08000164   0x00000002   Code   RO          993    .ARM.Collect$$libshutdown$$00000000  c_w.l(libshutdown.o)
    0x08000166   0x08000166   0x00000000   Code   RO         1006    .ARM.Collect$$libshutdown$$00000002  c_w.l(libshutdown2.o)
    0x08000166   0x08000166   0x00000000   Code   RO         1008    .ARM.Collect$$libshutdown$$00000004  c_w.l(libshutdown2.o)
    0x08000166   0x08000166   0x00000000   Code   RO         1011    .ARM.Collect$$libshutdown$$00000007  c_w.l(libshutdown2.o)
    0x08000166   0x08000166   0x00000000   Code   RO         1014    .ARM.Collect$$libshutdown$$0000000A  c_w.l(libshutdown2.o)
    0x08000166   0x08000166   0x00000000   Code   RO         1016    .ARM.Collect$$libshutdown$$0000000C  c_w.l(libshutdown2.o)
    0x08000166   0x08000166   0x00000000   Code   RO         1019    .ARM.Collect$$libshutdown$$0000000F  c_w.l(libshutdown2.o)
    0x08000166   0x08000166   0x00000002   Code   RO         1020    .ARM.Collect$$libshutdown$$00000010  c_w.l(libshutdown2.o)
    0x08000168   0x08000168   0x00000000   Code   RO          877    .ARM.Collect$$rtentry$$00000000  c_w.l(__rtentry.o)
    0x08000168   0x08000168   0x00000000   Code   RO          894    .ARM.Collect$$rtentry$$00000002  c_w.l(__rtentry2.o)
    0x08000168   0x08000168   0x00000006   Code   RO          906    .ARM.Collect$$rtentry$$00000004  c_w.l(__rtentry4.o)
    0x0800016e   0x0800016e   0x00000000   Code   RO          896    .ARM.Collect$$rtentry$$00000009  c_w.l(__rtentry2.o)
    0x0800016e   0x0800016e   0x00000004   Code   RO          897    .ARM.Collect$$rtentry$$0000000A  c_w.l(__rtentry2.o)
    0x08000172   0x08000172   0x00000000   Code   RO          899    .ARM.Collect$$rtentry$$0000000C  c_w.l(__rtentry2.o)
    0x08000172   0x08000172   0x00000008   Code   RO          900    .ARM.Collect$$rtentry$$0000000D  c_w.l(__rtentry2.o)
    0x0800017a   0x0800017a   0x00000002   Code   RO          927    .ARM.Collect$$rtexit$$00000000  c_w.l(rtexit.o)
    0x0800017c   0x0800017c   0x00000000   Code   RO          975    .ARM.Collect$$rtexit$$00000002  c_w.l(rtexit2.o)
    0x0800017c   0x0800017c   0x00000004   Code   RO          976    .ARM.Collect$$rtexit$$00000003  c_w.l(rtexit2.o)
    0x08000180   0x08000180   0x00000006   Code   RO          977    .ARM.Collect$$rtexit$$00000004  c_w.l(rtexit2.o)
    0x08000186   0x08000186   0x00000002   PAD
    0x08000188   0x08000188   0x0000000c   Code   RO          701    .emb_text           sys.o
    0x08000194   0x08000194   0x00000012   Code   RO            1    .text               stm32f10x_it.o
    0x080001a6   0x080001a6   0x00000002   PAD
    0x080001a8   0x080001a8   0x00000174   Code   RO          104    .text               system_stm32f10x.o
    0x0800031c   0x0800031c   0x00000610   Code   RO          122    .text               minibalance.o
    0x0800092c   0x0800092c   0x000000ce   Code   RO          288    .text               pid.o
    0x080009fa   0x080009fa   0x00000002   PAD
    0x080009fc   0x080009fc   0x000000cc   Code   RO          303    .text               k230_proto.o
    0x08000ac8   0x08000ac8   0x00000530   Code   RO          326    .text               motor.o
    0x08000ff8   0x08000ff8   0x00000040   Code   RO          363    .text               startup_stm32f10x_md.o
    0x08001038   0x08001038   0x000000b8   Code   RO          367    .text               misc.o
    0x080010f0   0x080010f0   0x0000009c   Code   RO          417    .text               stm32f10x_bkp.o
    0x0800118c   0x0800118c   0x000001e8   Code   RO          489    .text               stm32f10x_dma.o
    0x08001374   0x08001374   0x00000298   Code   RO          537    .text               stm32f10x_gpio.o
    0x0800160c   0x0800160c   0x000000ac   Code   RO          573    .text               stm32f10x_pwr.o
    0x080016b8   0x080016b8   0x000002f4   Code   RO          585    .text               stm32f10x_rcc.o
    0x080019ac   0x080019ac   0x00000c2a   Code   RO          635    .text               stm32f10x_tim.o
    0x080025d6   0x080025d6   0x00000002   PAD
    0x080025d8   0x080025d8   0x0000039c   Code   RO          647    .text               stm32f10x_usart.o
    0x08002974   0x08002974   0x000002b8   Code   RO          671    .text               key.o
    0x08002c2c   0x08002c2c   0x00000098   Code   RO          687    .text               delay.o
    0x08002cc4   0x08002cc4   0x000001f0   Code   RO          702    .text               sys.o
    0x08002eb4   0x08002eb4   0x00000228   Code   RO          717    .text               encoder.o
    0x080030dc   0x080030dc   0x00000200   Code   RO          732    .text               tim2_cap.o
    0x080032dc   0x080032dc   0x000002b0   Code   RO          768    .text               usart.o
    0x0800358c   0x0800358c   0x00000554   Code   RO          789    .text               oled.o
    0x08003ae0   0x08003ae0   0x00000024   Code   RO          815    .text               control.o
    0x08003b04   0x08003b04   0x0000004e   Code   RO          829    .text               c_w.l(rt_memclr_w.o)
    0x08003b52   0x08003b52   0x00000006   Code   RO          831    .text               c_w.l(heapauxi.o)
    0x08003b58   0x08003b58   0x0000004a   Code   RO          912    .text               c_w.l(sys_stackheap_outer.o)
    0x08003ba2   0x08003ba2   0x00000012   Code   RO          914    .text               c_w.l(exit.o)
    0x08003bb4   0x08003bb4   0x00000008   Code   RO          924    .text               c_w.l(libspace.o)
    0x08003bbc   0x08003bbc   0x0000000c   Code   RO          985    .text               c_w.l(sys_exit.o)
    0x08003bc8   0x08003bc8   0x00000002   Code   RO          996    .text               c_w.l(use_no_semi.o)
    0x08003bca   0x08003bca   0x00000000   Code   RO          998    .text               c_w.l(indicate_semi.o)
    0x08003bca   0x08003bca   0x00000002   PAD
    0x08003bcc   0x08003bcc   0x00000062   Code   RO          835    x$fpl$d2f           fz_ws.l(d2f.o)
    0x08003c2e   0x08003c2e   0x00000002   PAD
    0x08003c30   0x08003c30   0x00000010   Code   RO          878    x$fpl$dcheck1       fz_ws.l(dcheck1.o)
    0x08003c40   0x08003c40   0x00000026   Code   RO          837    x$fpl$dfltu         fz_ws.l(dflt_clz.o)
    0x08003c66   0x08003c66   0x00000002   PAD
    0x08003c68   0x08003c68   0x00000154   Code   RO          843    x$fpl$dmul          fz_ws.l(dmul.o)
    0x08003dbc   0x08003dbc   0x0000009c   Code   RO          880    x$fpl$dnaninf       fz_ws.l(dnaninf.o)
    0x08003e58   0x08003e58   0x0000000c   Code   RO          882    x$fpl$dretinf       fz_ws.l(dretinf.o)
    0x08003e64   0x08003e64   0x000000c4   Code   RO          845    x$fpl$fadd          fz_ws.l(faddsub_clz.o)
    0x08003f28   0x08003f28   0x0000000c   Code   RO          884    x$fpl$fcheck1       fz_ws.l(fcheck1.o)
    0x08003f34   0x08003f34   0x00000018   Code   RO          908    x$fpl$fcmpinf       fz_ws.l(fcmpi.o)
    0x08003f4c   0x08003f4c   0x00000184   Code   RO          852    x$fpl$fdiv          fz_ws.l(fdiv.o)
    0x080040d0   0x080040d0   0x00000036   Code   RO          855    x$fpl$ffix          fz_ws.l(ffix.o)
    0x08004106   0x08004106   0x00000002   PAD
    0x08004108   0x08004108   0x0000003e   Code   RO          859    x$fpl$ffixu         fz_ws.l(ffixu.o)
    0x08004146   0x08004146   0x00000002   PAD
    0x08004148   0x08004148   0x00000030   Code   RO          864    x$fpl$fflt          fz_ws.l(fflt_clz.o)
    0x08004178   0x08004178   0x00000026   Code   RO          863    x$fpl$ffltu         fz_ws.l(fflt_clz.o)
    0x0800419e   0x0800419e   0x00000002   PAD
    0x080041a0   0x080041a0   0x00000068   Code   RO          886    x$fpl$fleqf         fz_ws.l(fleqf.o)
    0x08004208   0x08004208   0x00000102   Code   RO          869    x$fpl$fmul          fz_ws.l(fmul.o)
    0x0800430a   0x0800430a   0x0000008c   Code   RO          888    x$fpl$fnaninf       fz_ws.l(fnaninf.o)
    0x08004396   0x08004396   0x0000000a   Code   RO          890    x$fpl$fretinf       fz_ws.l(fretinf.o)
    0x080043a0   0x080043a0   0x00000062   Code   RO          871    x$fpl$frleqf        fz_ws.l(frleqf.o)
    0x08004402   0x08004402   0x00000002   PAD
    0x08004404   0x08004404   0x000000ea   Code   RO          847    x$fpl$fsub          fz_ws.l(faddsub_clz.o)
    0x080044ee   0x080044ee   0x00000064   Code   RO          910    x$fpl$retnan        fz_ws.l(retnan.o)
    0x08004552   0x08004552   0x0000005c   Code   RO          873    x$fpl$scalbn        fz_ws.l(scalbn.o)
    0x080045ae   0x080045ae   0x0000004c   Code   RO          875    x$fpl$scalbnf       fz_ws.l(scalbnf.o)
    0x080045fa   0x080045fa   0x00000030   Code   RO          922    x$fpl$trapveneer    fz_ws.l(trapv.o)
    0x0800462a   0x0800462a   0x00000000   Code   RO          892    x$fpl$usenofp       fz_ws.l(usenofp.o)
    0x0800462a   0x0800462a   0x00000a64   Data   RO          791    .constdata          oled.o
    0x0800508e   0x0800508e   0x00000002   PAD
    0x08005090   0x08005090   0x00000020   Data   RO         1051    Region$$Table       anon$$obj.o


    Execution Region RW_IRAM1 (Exec base: 0x20000000, Load base: 0x080050b0, Size: 0x00000bb8, Max: 0x00005000, ABSOLUTE)

    Exec Addr    Load Addr    Size         Type   Attr      Idx    E Section Name        Object

    0x20000000   0x080050b0   0x00000014   Data   RW          105    .data               system_stm32f10x.o
    0x20000014   0x080050c4   0x00000004   Data   RW          126    .data               minibalance.o
    0x20000018   0x080050c8   0x00000004   Data   RW          127    .data               minibalance.o
    0x2000001c   0x080050cc   0x00000008   Data   RW          128    .data               minibalance.o
    0x20000024   0x080050d4   0x00000008   Data   RW          305    .data               k230_proto.o
    0x2000002c   0x080050dc   0x00000020   Data   RW          328    .data               motor.o
    0x2000004c   0x080050fc   0x00000014   Data   RW          586    .data               stm32f10x_rcc.o
    0x20000060   0x08005110   0x0000001e   Data   RW          672    .data               key.o
    0x2000007e   0x0800512e   0x00000004   Data   RW          688    .data               delay.o
    0x20000082   0x08005132   0x00000002   PAD
    0x20000084   0x08005134   0x0000000c   Data   RW          733    .data               tim2_cap.o
    0x20000090        -       0x00000054   Zero   RW          123    .bss                minibalance.o
    0x200000e4        -       0x00000026   Zero   RW          304    .bss                k230_proto.o
    0x2000010a   0x08005140   0x00000002   PAD
    0x2000010c        -       0x0000003c   Zero   RW          327    .bss                motor.o
    0x20000148        -       0x0000000a   Zero   RW          771    .bss                usart.o
    0x20000152        -       0x00000400   Zero   RW          790    .bss                oled.o
    0x20000552   0x08005140   0x00000002   PAD
    0x20000554        -       0x00000060   Zero   RW          925    .bss                c_w.l(libspace.o)
    0x200005b4   0x08005140   0x00000004   PAD
    0x200005b8        -       0x00000200   Zero   RW          361    HEAP                startup_stm32f10x_md.o
    0x200007b8        -       0x00000400   Zero   RW          360    STACK               startup_stm32f10x_md.o


==============================================================================

Image component sizes


      Code (inc. data)   RO Data    RW Data    ZI Data      Debug   Object Name

        36          6          0          0          0        497   control.o
         0          0          0          0          0         32   core_cm3.o
       152         14          0          4          0       1011   delay.o
       552         18          0          0          0       1890   encoder.o
       204         10          0          8         38       2059   k230_proto.o
       696         34          0         30          0       2804   key.o
      1552        138          0         16         84     253282   minibalance.o
       184         12          0          0          0     205277   misc.o
      1328         20          0         32         60       7051   motor.o
      1364         66       2660          0       1024      20515   oled.o
       206          0          0          0          0       1880   pid.o
        64         26        236          0       1536        804   startup_stm32f10x_md.o
       156          8          0          0          0       3420   stm32f10x_bkp.o
       488         10          0          0          0       4782   stm32f10x_dma.o
       664         36          0          0          0       6205   stm32f10x_gpio.o
        18          0          0          0          0      58934   stm32f10x_it.o
       172         12          0          0          0       1947   stm32f10x_pwr.o
       756         32          0         20          0       9320   stm32f10x_rcc.o
      3114         84          0          0          0      25092   stm32f10x_tim.o
       924         20          0          0          0       9164   stm32f10x_usart.o
       508         42          0          0          0       2867   sys.o
       372         34          0         20          0       1747   system_stm32f10x.o
       512         22          0         12          0       1777   tim2_cap.o
       688         28          0          0         10       3922   usart.o

    ----------------------------------------------------------------------
     14716        672       2930        144       2756     626279   Object Totals
         0          0         32          0          0          0   (incl. Generated)
         6          0          2          2          4          0   (incl. Padding)

    ----------------------------------------------------------------------

      Code (inc. data)   RO Data    RW Data    ZI Data      Debug   Library Member Name

         8          0          0          0          0         68   __main.o
         0          0          0          0          0          0   __rtentry.o
        12          0          0          0          0          0   __rtentry2.o
         6          0          0          0          0          0   __rtentry4.o
        52          8          0          0          0          0   __scatter.o
        26          0          0          0          0          0   __scatter_copy.o
        28          0          0          0          0          0   __scatter_zi.o
        18          0          0          0          0         80   exit.o
         6          0          0          0          0        152   heapauxi.o
         0          0          0          0          0          0   indicate_semi.o
         2          0          0          0          0          0   libinit.o
         2          0          0          0          0          0   libinit2.o
         2          0          0          0          0          0   libshutdown.o
         2          0          0          0          0          0   libshutdown2.o
         8          4          0          0         96         68   libspace.o
        78          0          0          0          0         80   rt_memclr_w.o
         2          0          0          0          0          0   rtexit.o
        10          0          0          0          0          0   rtexit2.o
        12          4          0          0          0         68   sys_exit.o
        74          0          0          0          0         80   sys_stackheap_outer.o
         2          0          0          0          0         68   use_no_semi.o
        98          4          0          0          0         92   d2f.o
        16          4          0          0          0         68   dcheck1.o
        38          0          0          0          0         68   dflt_clz.o
       340         12          0          0          0        104   dmul.o
       156          4          0          0          0         92   dnaninf.o
        12          0          0          0          0         68   dretinf.o
       430          8          0          0          0        168   faddsub_clz.o
        12          4          0          0          0         68   fcheck1.o
        24          0          0          0          0         68   fcmpi.o
       388         76          0          0          0         96   fdiv.o
        54          4          0          0          0         84   ffix.o
        62          4          0          0          0         84   ffixu.o
        86          0          0          0          0        136   fflt_clz.o
       104          4          0          0          0         84   fleqf.o
       258          4          0          0          0         84   fmul.o
       140          4          0          0          0         84   fnaninf.o
        10          0          0          0          0         68   fretinf.o
        98          0          0          0          0         68   frleqf.o
       100          0          0          0          0         68   retnan.o
        92          0          0          0          0         68   scalbn.o
        76          0          0          0          0         68   scalbnf.o
        48          0          0          0          0         68   trapv.o
         0          0          0          0          0          0   usenofp.o

    ----------------------------------------------------------------------
      3010        148          0          0        100       2520   Library Totals
        18          0          0          0          4          0   (incl. Padding)

    ----------------------------------------------------------------------

      Code (inc. data)   RO Data    RW Data    ZI Data      Debug   Library Name

       350         16          0          0         96        664   c_w.l
      2642        132          0          0          0       1856   fz_ws.l

    ----------------------------------------------------------------------
      3010        148          0          0        100       2520   Library Totals

    ----------------------------------------------------------------------

==============================================================================


      Code (inc. data)   RO Data    RW Data    ZI Data      Debug   

     17726        820       2930        144       2856     624739   Grand Totals
     17726        820       2930        144       2856     624739   ELF Image Totals
     17726        820       2930        144          0          0   ROM Totals

==============================================================================

    Total RO  Size (Code + RO Data)                20656 (  20.17kB)
    Total RW  Size (RW Data + ZI Data)              3000 (   2.93kB)
    Total ROM Size (Code + RO Data + RW Data)      20800 (  20.31kB)

==============================================================================

